Archive member included to satisfy reference by file (symbol)

/usr/bin/../lib/gcc/arm-none-eabi/7.3.1/../../../../arm-none-eabi/lib/thumb/v7-m/libc_nano.a(lib_a-exit.o)
                              /usr/bin/../lib/gcc/arm-none-eabi/7.3.1/../../../../arm-none-eabi/lib/thumb/v7-m/crt0.o (exit)
/usr/bin/../lib/gcc/arm-none-eabi/7.3.1/../../../../arm-none-eabi/lib/thumb/v7-m/libc_nano.a(lib_a-impure.o)
                              /usr/bin/../lib/gcc/arm-none-eabi/7.3.1/../../../../arm-none-eabi/lib/thumb/v7-m/libc_nano.a(lib_a-exit.o) (_global_impure_ptr)
/usr/bin/../lib/gcc/arm-none-eabi/7.3.1/../../../../arm-none-eabi/lib/thumb/v7-m/libc_nano.a(lib_a-init.o)
                              /usr/bin/../lib/gcc/arm-none-eabi/7.3.1/../../../../arm-none-eabi/lib/thumb/v7-m/crt0.o (__libc_init_array)
/usr/bin/../lib/gcc/arm-none-eabi/7.3.1/../../../../arm-none-eabi/lib/thumb/v7-m/libc_nano.a(lib_a-memset.o)
                              /usr/bin/../lib/gcc/arm-none-eabi/7.3.1/../../../../arm-none-eabi/lib/thumb/v7-m/crt0.o (memset)
/usr/bin/../lib/gcc/arm-none-eabi/7.3.1/../../../../arm-none-eabi/lib/thumb/v7-m/libc_nano.a(lib_a-sprintf.o)
                              build/comms.o (sprintf)
/usr/bin/../lib/gcc/arm-none-eabi/7.3.1/../../../../arm-none-eabi/lib/thumb/v7-m/libc_nano.a(lib_a-strlen.o)
                              build/comms.o (strlen)
/usr/bin/../lib/gcc/arm-none-eabi/7.3.1/../../../../arm-none-eabi/lib/thumb/v7-m/libc_nano.a(lib_a-nano-svfprintf.o)
                              /usr/bin/../lib/gcc/arm-none-eabi/7.3.1/../../../../arm-none-eabi/lib/thumb/v7-m/libc_nano.a(lib_a-sprintf.o) (_svfprintf_r)
/usr/bin/../lib/gcc/arm-none-eabi/7.3.1/../../../../arm-none-eabi/lib/thumb/v7-m/libc_nano.a(lib_a-nano-vfprintf_i.o)
                              /usr/bin/../lib/gcc/arm-none-eabi/7.3.1/../../../../arm-none-eabi/lib/thumb/v7-m/libc_nano.a(lib_a-nano-svfprintf.o) (_printf_i)
/usr/bin/../lib/gcc/arm-none-eabi/7.3.1/../../../../arm-none-eabi/lib/thumb/v7-m/libc_nano.a(lib_a-memchr-stub.o)
                              /usr/bin/../lib/gcc/arm-none-eabi/7.3.1/../../../../arm-none-eabi/lib/thumb/v7-m/libc_nano.a(lib_a-nano-svfprintf.o) (memchr)
/usr/bin/../lib/gcc/arm-none-eabi/7.3.1/../../../../arm-none-eabi/lib/thumb/v7-m/libc_nano.a(lib_a-memcpy-stub.o)
                              /usr/bin/../lib/gcc/arm-none-eabi/7.3.1/../../../../arm-none-eabi/lib/thumb/v7-m/libc_nano.a(lib_a-nano-svfprintf.o) (memcpy)
/usr/bin/../lib/gcc/arm-none-eabi/7.3.1/../../../../arm-none-eabi/lib/thumb/v7-m/libc_nano.a(lib_a-memmove.o)
                              /usr/bin/../lib/gcc/arm-none-eabi/7.3.1/../../../../arm-none-eabi/lib/thumb/v7-m/libc_nano.a(lib_a-nano-svfprintf.o) (memmove)
/usr/bin/../lib/gcc/arm-none-eabi/7.3.1/../../../../arm-none-eabi/lib/thumb/v7-m/libc_nano.a(lib_a-nano-freer.o)
                              /usr/bin/../lib/gcc/arm-none-eabi/7.3.1/../../../../arm-none-eabi/lib/thumb/v7-m/libc_nano.a(lib_a-nano-svfprintf.o) (_free_r)
/usr/bin/../lib/gcc/arm-none-eabi/7.3.1/../../../../arm-none-eabi/lib/thumb/v7-m/libc_nano.a(lib_a-nano-mallocr.o)
                              /usr/bin/../lib/gcc/arm-none-eabi/7.3.1/../../../../arm-none-eabi/lib/thumb/v7-m/libc_nano.a(lib_a-nano-svfprintf.o) (_malloc_r)
/usr/bin/../lib/gcc/arm-none-eabi/7.3.1/../../../../arm-none-eabi/lib/thumb/v7-m/libc_nano.a(lib_a-nano-reallocr.o)
                              /usr/bin/../lib/gcc/arm-none-eabi/7.3.1/../../../../arm-none-eabi/lib/thumb/v7-m/libc_nano.a(lib_a-nano-svfprintf.o) (_realloc_r)
/usr/bin/../lib/gcc/arm-none-eabi/7.3.1/../../../../arm-none-eabi/lib/thumb/v7-m/libc_nano.a(lib_a-sbrkr.o)
                              /usr/bin/../lib/gcc/arm-none-eabi/7.3.1/../../../../arm-none-eabi/lib/thumb/v7-m/libc_nano.a(lib_a-nano-mallocr.o) (_sbrk_r)
/usr/bin/../lib/gcc/arm-none-eabi/7.3.1/../../../../arm-none-eabi/lib/thumb/v7-m/libc_nano.a(lib_a-mlock.o)
                              /usr/bin/../lib/gcc/arm-none-eabi/7.3.1/../../../../arm-none-eabi/lib/thumb/v7-m/libc_nano.a(lib_a-nano-freer.o) (__malloc_lock)
/usr/bin/../lib/gcc/arm-none-eabi/7.3.1/../../../../arm-none-eabi/lib/thumb/v7-m/libc_nano.a(lib_a-nano-msizer.o)
                              /usr/bin/../lib/gcc/arm-none-eabi/7.3.1/../../../../arm-none-eabi/lib/thumb/v7-m/libc_nano.a(lib_a-nano-reallocr.o) (_malloc_usable_size_r)
/usr/bin/../lib/gcc/arm-none-eabi/7.3.1/../../../../arm-none-eabi/lib/thumb/v7-m/libc_nano.a(lib_a-reent.o)
                              /usr/bin/../lib/gcc/arm-none-eabi/7.3.1/../../../../arm-none-eabi/lib/thumb/v7-m/libc_nano.a(lib_a-sbrkr.o) (errno)
/usr/bin/../lib/gcc/arm-none-eabi/7.3.1/../../../../arm-none-eabi/lib/thumb/v7-m/libnosys.a(sbrk.o)
                              /usr/bin/../lib/gcc/arm-none-eabi/7.3.1/../../../../arm-none-eabi/lib/thumb/v7-m/libc_nano.a(lib_a-sbrkr.o) (_sbrk)
/usr/bin/../lib/gcc/arm-none-eabi/7.3.1/../../../../arm-none-eabi/lib/thumb/v7-m/libnosys.a(_exit.o)
[...]
Memory Configuration

Name             Origin             Length             Attributes
RAM              0x0000000020000000 0x000000000000c000 xrw
FLASH            0x0000000008000000 0x0000000000040000 xr
*default*        0x0000000000000000 0xffffffffffffffff

Linker script and memory map

LOAD /usr/bin/../lib/gcc/arm-none-eabi/7.3.1/thumb/v7-m/crti.o
LOAD /usr/bin/../lib/gcc/arm-none-eabi/7.3.1/thumb/v7-m/crtbegin.o
LOAD /usr/bin/../lib/gcc/arm-none-eabi/7.3.1/../../../../arm-none-eabi/lib/thumb/v7-m/crt0.o
LOAD build/stm32f1xx_hal_flash.o
LOAD build/stm32f1xx_hal_pwr.o
LOAD build/stm32f1xx_hal_rcc.o
LOAD build/stm32f1xx_hal_tim.o
LOAD build/stm32f1xx_hal_tim_ex.o
LOAD build/stm32f1xx_hal_gpio_ex.o
LOAD build/stm32f1xx_hal_adc_ex.o
LOAD build/stm32f1xx_hal_cortex.o
LOAD build/stm32f1xx_hal_flash_ex.o
LOAD build/stm32f1xx_hal_gpio.o
LOAD build/stm32f1xx_hal_rcc_ex.o
LOAD build/stm32f1xx_hal.o
LOAD build/stm32f1xx_hal_adc.o
LOAD build/stm32f1xx_hal_uart.o
LOAD build/stm32f1xx_hal_i2c.o
LOAD build/stm32f1xx_hal_dma.o
LOAD build/system_stm32f1xx.o
LOAD build/setup.o
LOAD build/control.o
LOAD build/main.o
LOAD build/bldc.o
LOAD build/comms.o
LOAD build/stm32f1xx_it.o
LOAD build/startup_stm32f103xe.o
LOAD /usr/bin/../lib/gcc/arm-none-eabi/7.3.1/../../../../arm-none-eabi/lib/thumb/v7-m/libc_nano.a
LOAD /usr/bin/../lib/gcc/arm-none-eabi/7.3.1/../../../../arm-none-eabi/lib/thumb/v7-m/libm.a
LOAD /usr/bin/../lib/gcc/arm-none-eabi/7.3.1/../../../../arm-none-eabi/lib/thumb/v7-m/libnosys.a
START GROUP
LOAD /usr/bin/../lib/gcc/arm-none-eabi/7.3.1/thumb/v7-m/libgcc.a
LOAD /usr/bin/../lib/gcc/arm-none-eabi/7.3.1/../../../../arm-none-eabi/lib/thumb/v7-m/libc_nano.a
END GROUP
START GROUP
LOAD /usr/bin/../lib/gcc/arm-none-eabi/7.3.1/thumb/v7-m/libgcc.a
LOAD /usr/bin/../lib/gcc/arm-none-eabi/7.3.1/../../../../arm-none-eabi/lib/thumb/v7-m/libc_nano.a
END GROUP
LOAD /usr/bin/../lib/gcc/arm-none-eabi/7.3.1/thumb/v7-m/crtend.o
LOAD /usr/bin/../lib/gcc/arm-none-eabi/7.3.1/thumb/v7-m/crtn.o
                0x000000002000c000                _estack = 0x2000c000
                0x0000000000000200                _Min_Heap_Size = 0x200
                0x0000000000000400                _Min_Stack_Size = 0x400

.isr_vector     0x0000000008000000      0x1e4
                0x0000000008000000                . = ALIGN (0x4)
 *(.isr_vector)
 .isr_vector    0x0000000008000000      0x1e4 build/startup_stm32f103xe.o
                0x0000000008000000                g_pfnVectors
                0x00000000080001e4                . = ALIGN (0x4)

.text           0x00000000080001e8     0x4ccc
                0x00000000080001e8                . = ALIGN (0x4)
 *(.text)
 .text          0x00000000080001e8       0x40 /usr/bin/../lib/gcc/arm-none-eabi/7.3.1/thumb/v7-m/crtbegin.o
 .text          0x0000000008000228       0x10 /usr/bin/../lib/gcc/arm-none-eabi/7.3.1/../../../../arm-none-eabi/lib/thumb/v7-m/libc_nano.a(lib_a-strlen.o)
                0x0000000008000228                strlen
 .text          0x0000000008000238      0x378 /usr/bin/../lib/gcc/arm-none-eabi/7.3.1/thumb/v7-m/libgcc.a(_arm_addsubdf3.o)
                0x0000000008000238                __aeabi_drsub
                0x0000000008000240                __aeabi_dsub
                0x0000000008000240                __subdf3
                0x0000000008000244                __adddf3
                0x0000000008000244                __aeabi_dadd
                0x00000000080004bc                __aeabi_ui2d
                0x00000000080004bc                __floatunsidf
                0x00000000080004dc                __floatsidf
                0x00000000080004dc                __aeabi_i2d
                0x0000000008000500                __extendsfdf2
                0x0000000008000500                __aeabi_f2d
                0x0000000008000544                __aeabi_ul2d
                0x0000000008000544                __floatundidf
                0x0000000008000554                __floatdidf
                0x0000000008000554                __aeabi_l2d
 .text          0x00000000080005b0      0x424 /usr/bin/../lib/gcc/arm-none-eabi/7.3.1/thumb/v7-m/libgcc.a(_arm_muldivdf3.o)
                0x00000000080005b0                __aeabi_dmul
                0x00000000080005b0                __muldf3
                0x0000000008000804                __aeabi_ddiv
                0x0000000008000804                __divdf3
 .text          0x00000000080009d4      0x110 /usr/bin/../lib/gcc/arm-none-eabi/7.3.1/thumb/v7-m/libgcc.a(_arm_cmpdf2.o)
                0x00000000080009d4                __gtdf2
                0x00000000080009d4                __gedf2
                0x00000000080009dc                __ltdf2
                0x00000000080009dc                __ledf2
                0x00000000080009e4                __cmpdf2
                0x00000000080009e4                __eqdf2
                0x00000000080009e4                __nedf2
                0x0000000008000a60                __aeabi_cdrcmple
                0x0000000008000a70                __aeabi_cdcmple
                0x0000000008000a70                __aeabi_cdcmpeq
                0x0000000008000a80                __aeabi_dcmpeq
                0x0000000008000a94                __aeabi_dcmplt
                0x0000000008000aa8                __aeabi_dcmple
                0x0000000008000abc                __aeabi_dcmpge
                0x0000000008000ad0                __aeabi_dcmpgt
 .text          0x0000000008000ae4       0x50 /usr/bin/../lib/gcc/arm-none-eabi/7.3.1/thumb/v7-m/libgcc.a(_arm_fixdfsi.o)
                0x0000000008000ae4                __fixdfsi
                0x0000000008000ae4                __aeabi_d2iz
 .text          0x0000000008000b34       0xa0 /usr/bin/../lib/gcc/arm-none-eabi/7.3.1/thumb/v7-m/libgcc.a(_arm_truncdfsf2.o)
                0x0000000008000b34                __aeabi_d2f
                0x0000000008000b34                __truncdfsf2
 .text          0x0000000008000bd4      0x21c /usr/bin/../lib/gcc/arm-none-eabi/7.3.1/thumb/v7-m/libgcc.a(_arm_addsubsf3.o)
                0x0000000008000bd4                __aeabi_frsub
                0x0000000008000bdc                __subsf3
                0x0000000008000bdc                __aeabi_fsub
                0x0000000008000be0                __aeabi_fadd
                0x0000000008000be0                __addsf3
                0x0000000008000d40                __aeabi_ui2f
                0x0000000008000d40                __floatunsisf
                0x0000000008000d48                __aeabi_i2f
                0x0000000008000d48                __floatsisf
                0x0000000008000d64                __floatundisf
                0x0000000008000d64                __aeabi_ul2f
                0x0000000008000d74                __floatdisf
                0x0000000008000d74                __aeabi_l2f
 .text          0x0000000008000df0      0x2a0 /usr/bin/../lib/gcc/arm-none-eabi/7.3.1/thumb/v7-m/libgcc.a(_arm_muldivsf3.o)
                0x0000000008000df0                __mulsf3
                0x0000000008000df0                __aeabi_fmul
                0x0000000008000f58                __divsf3
                0x0000000008000f58                __aeabi_fdiv
 .text          0x0000000008001090       0xec /usr/bin/../lib/gcc/arm-none-eabi/7.3.1/thumb/v7-m/libgcc.a(_arm_cmpsf2.o)
                0x0000000008001090                __gtsf2
                0x0000000008001090                __gesf2
                0x0000000008001098                __lesf2
                0x0000000008001098                __ltsf2
                0x00000000080010a0                __nesf2
                0x00000000080010a0                __eqsf2
                0x00000000080010a0                __cmpsf2
                0x0000000008001100                __aeabi_cfrcmple
                0x0000000008001108                __aeabi_cfcmple
                0x0000000008001108                __aeabi_cfcmpeq
                0x0000000008001118                __aeabi_fcmpeq
                0x000000000800112c                __aeabi_fcmplt
                0x0000000008001140                __aeabi_fcmple
                0x0000000008001154                __aeabi_fcmpge
                0x0000000008001168                __aeabi_fcmpgt
 .text          0x000000000800117c       0x4c /usr/bin/../lib/gcc/arm-none-eabi/7.3.1/thumb/v7-m/libgcc.a(_arm_fixsfsi.o)
                0x000000000800117c                __fixsfsi
                0x000000000800117c                __aeabi_f2iz
 *(.text*)
 .text.RCC_Delay
                0x00000000080011c8       0x2c build/stm32f1xx_hal_rcc.o
 .text.HAL_RCC_OscConfig
                0x00000000080011f4      0x3dc build/stm32f1xx_hal_rcc.o
                0x00000000080011f4                HAL_RCC_OscConfig
 .text.HAL_RCC_GetSysClockFreq
                0x00000000080015d0       0x70 build/stm32f1xx_hal_rcc.o
                0x00000000080015d0                HAL_RCC_GetSysClockFreq
 .text.HAL_RCC_ClockConfig
                0x0000000008001640      0x178 build/stm32f1xx_hal_rcc.o
                0x0000000008001640                HAL_RCC_ClockConfig
 .text.HAL_RCC_GetHCLKFreq
                0x00000000080017b8        0xc build/stm32f1xx_hal_rcc.o
                0x00000000080017b8                HAL_RCC_GetHCLKFreq
 .text.HAL_RCC_GetPCLK1Freq
                0x00000000080017c4       0x20 build/stm32f1xx_hal_rcc.o
                0x00000000080017c4                HAL_RCC_GetPCLK1Freq
 .text.HAL_RCC_GetPCLK2Freq
                0x00000000080017e4       0x20 build/stm32f1xx_hal_rcc.o
                0x00000000080017e4                HAL_RCC_GetPCLK2Freq
 .text.TIM_OC1_SetConfig
                0x0000000008001804       0x68 build/stm32f1xx_hal_tim.o
 .text.TIM_OC3_SetConfig
                0x000000000800186c       0x70 build/stm32f1xx_hal_tim.o
 .text.TIM_OC4_SetConfig
                0x00000000080018dc       0x50 build/stm32f1xx_hal_tim.o
 .text.TIM_TI1_ConfigInputStage
                0x000000000800192c       0x24 build/stm32f1xx_hal_tim.o
 .text.TIM_TI2_ConfigInputStage
                0x0000000008001950       0x26 build/stm32f1xx_hal_tim.o
 .text.TIM_ETR_SetConfig
                0x0000000008001976       0x16 build/stm32f1xx_hal_tim.o
 .text.TIM_SlaveTimer_SetConfig
                0x000000000800198c       0x74 build/stm32f1xx_hal_tim.o
 .text.HAL_TIM_PWM_MspInit
                0x0000000008001a00        0x2 build/stm32f1xx_hal_tim.o
                0x0000000008001a00                HAL_TIM_PWM_MspInit
 .text.HAL_TIM_SlaveConfigSynchronization
                0x0000000008001a02       0x40 build/stm32f1xx_hal_tim.o
                0x0000000008001a02                HAL_TIM_SlaveConfigSynchronization
 *fill*         0x0000000008001a42        0x2 
 .text.TIM_Base_SetConfig
                0x0000000008001a44       0x98 build/stm32f1xx_hal_tim.o
                0x0000000008001a44                TIM_Base_SetConfig
 .text.HAL_TIM_PWM_Init
                0x0000000008001adc       0x32 build/stm32f1xx_hal_tim.o
                0x0000000008001adc                HAL_TIM_PWM_Init
 *fill*         0x0000000008001b0e        0x2 
 .text.TIM_OC2_SetConfig
                0x0000000008001b10       0x70 build/stm32f1xx_hal_tim.o
                0x0000000008001b10                TIM_OC2_SetConfig
 .text.HAL_TIM_PWM_ConfigChannel
                0x0000000008001b80       0xdc build/stm32f1xx_hal_tim.o
                0x0000000008001b80                HAL_TIM_PWM_ConfigChannel
 .text.TIM_CCxChannelCmd
                0x0000000008001c5c       0x1c build/stm32f1xx_hal_tim.o
                0x0000000008001c5c                TIM_CCxChannelCmd
 .text.HAL_TIM_PWM_Start
                0x0000000008001c78       0x38 build/stm32f1xx_hal_tim.o
                0x0000000008001c78                HAL_TIM_PWM_Start
 .text.TIM_CCxNChannelCmd
                0x0000000008001cb0       0x1c build/stm32f1xx_hal_tim_ex.o
 .text.HAL_TIMEx_PWMN_Start
                0x0000000008001ccc       0x24 build/stm32f1xx_hal_tim_ex.o
                0x0000000008001ccc                HAL_TIMEx_PWMN_Start
 .text.HAL_TIMEx_ConfigBreakDeadTime
                0x0000000008001cf0       0x58 build/stm32f1xx_hal_tim_ex.o
                0x0000000008001cf0                HAL_TIMEx_ConfigBreakDeadTime
 .text.HAL_TIMEx_MasterConfigSynchronization
                0x0000000008001d48       0x52 build/stm32f1xx_hal_tim_ex.o
                0x0000000008001d48                HAL_TIMEx_MasterConfigSynchronization
 *fill*         0x0000000008001d9a        0x2 
 .text.HAL_ADCEx_MultiModeConfigChannel
                0x0000000008001d9c       0x58 build/stm32f1xx_hal_adc_ex.o
                0x0000000008001d9c                HAL_ADCEx_MultiModeConfigChannel
 .text.HAL_NVIC_SetPriorityGrouping
                0x0000000008001df4       0x24 build/stm32f1xx_hal_cortex.o
                0x0000000008001df4                HAL_NVIC_SetPriorityGrouping
 .text.HAL_NVIC_SetPriority
                0x0000000008001e18       0x68 build/stm32f1xx_hal_cortex.o
                0x0000000008001e18                HAL_NVIC_SetPriority
 .text.HAL_NVIC_EnableIRQ
                0x0000000008001e80       0x18 build/stm32f1xx_hal_cortex.o
                0x0000000008001e80                HAL_NVIC_EnableIRQ
 .text.HAL_SYSTICK_Config
                0x0000000008001e98       0x2c build/stm32f1xx_hal_cortex.o
                0x0000000008001e98                HAL_SYSTICK_Config
 .text.HAL_SYSTICK_CLKSourceConfig
                0x0000000008001ec4       0x20 build/stm32f1xx_hal_cortex.o
                0x0000000008001ec4                HAL_SYSTICK_CLKSourceConfig
 .text.HAL_SYSTICK_Callback
                0x0000000008001ee4        0x2 build/stm32f1xx_hal_cortex.o
                0x0000000008001ee4                HAL_SYSTICK_Callback
 .text.HAL_SYSTICK_IRQHandler
                0x0000000008001ee6        0x8 build/stm32f1xx_hal_cortex.o
                0x0000000008001ee6                HAL_SYSTICK_IRQHandler
 *fill*         0x0000000008001eee        0x2 
 .text.HAL_GPIO_Init
                0x0000000008001ef0      0x1f0 build/stm32f1xx_hal_gpio.o
                0x0000000008001ef0                HAL_GPIO_Init
 .text.HAL_GPIO_ReadPin
                0x00000000080020e0        0xe build/stm32f1xx_hal_gpio.o
                0x00000000080020e0                HAL_GPIO_ReadPin
 .text.HAL_GPIO_WritePin
                0x00000000080020ee        0xc build/stm32f1xx_hal_gpio.o
                0x00000000080020ee                HAL_GPIO_WritePin
 .text.HAL_GPIO_TogglePin
                0x00000000080020fa        0x8 build/stm32f1xx_hal_gpio.o
                0x00000000080020fa                HAL_GPIO_TogglePin
 *fill*         0x0000000008002102        0x2 
 .text.HAL_RCCEx_PeriphCLKConfig
                0x0000000008002104      0x114 build/stm32f1xx_hal_rcc_ex.o
                0x0000000008002104                HAL_RCCEx_PeriphCLKConfig
 .text.HAL_MspInit
                0x0000000008002218        0x2 build/stm32f1xx_hal.o
                0x0000000008002218                HAL_MspInit
 *fill*         0x000000000800221a        0x2 
 .text.HAL_InitTick
                0x000000000800221c       0x2c build/stm32f1xx_hal.o
                0x000000000800221c                HAL_InitTick
 .text.HAL_Init
                0x0000000008002248       0x24 build/stm32f1xx_hal.o
                0x0000000008002248                HAL_Init
 .text.HAL_IncTick
                0x000000000800226c       0x10 build/stm32f1xx_hal.o
                0x000000000800226c                HAL_IncTick
 .text.HAL_GetTick
                0x000000000800227c        0xc build/stm32f1xx_hal.o
                0x000000000800227c                HAL_GetTick
 .text.HAL_Delay
                0x0000000008002288       0x24 build/stm32f1xx_hal.o
                0x0000000008002288                HAL_Delay
 .text.HAL_ADC_MspInit
                0x00000000080022ac        0x2 build/stm32f1xx_hal_adc.o
                0x00000000080022ac                HAL_ADC_MspInit
 *fill*         0x00000000080022ae        0x2 
 .text.HAL_ADC_ConfigChannel
                0x00000000080022b0      0x138 build/stm32f1xx_hal_adc.o
                0x00000000080022b0                HAL_ADC_ConfigChannel
 .text.ADC_Enable
                0x00000000080023e8       0x80 build/stm32f1xx_hal_adc.o
                0x00000000080023e8                ADC_Enable
 .text.HAL_ADC_Start
                0x0000000008002468       0xec build/stm32f1xx_hal_adc.o
                0x0000000008002468                HAL_ADC_Start
 .text.ADC_ConversionStop_Disable
                0x0000000008002554       0x4c build/stm32f1xx_hal_adc.o
                0x0000000008002554                ADC_ConversionStop_Disable
 .text.HAL_ADC_Init
                0x00000000080025a0      0x12c build/stm32f1xx_hal_adc.o
                0x00000000080025a0                HAL_ADC_Init
 .text.UART_EndTxTransfer
                0x00000000080026cc       0x12 build/stm32f1xx_hal_uart.o
 .text.UART_EndRxTransfer
                0x00000000080026de       0x1c build/stm32f1xx_hal_uart.o
 *fill*         0x00000000080026fa        0x2 
 .text.UART_SetConfig
                0x00000000080026fc      0x1ac build/stm32f1xx_hal_uart.o
 .text.HAL_UART_MspInit
                0x00000000080028a8        0x2 build/stm32f1xx_hal_uart.o
                0x00000000080028a8                HAL_UART_MspInit
 .text.HAL_UART_Init
                0x00000000080028aa       0x5e build/stm32f1xx_hal_uart.o
                0x00000000080028aa                HAL_UART_Init
 .text.HAL_UART_Receive_DMA
                0x0000000008002908       0xa8 build/stm32f1xx_hal_uart.o
                0x0000000008002908                HAL_UART_Receive_DMA
 .text.HAL_UART_RxCpltCallback
                0x00000000080029b0        0x2 build/stm32f1xx_hal_uart.o
                0x00000000080029b0                HAL_UART_RxCpltCallback
 .text.UART_DMAReceiveCplt
                0x00000000080029b2       0x3e build/stm32f1xx_hal_uart.o
 .text.HAL_UART_RxHalfCpltCallback
                0x00000000080029f0        0x2 build/stm32f1xx_hal_uart.o
                0x00000000080029f0                HAL_UART_RxHalfCpltCallback
 .text.UART_DMARxHalfCplt
                0x00000000080029f2        0xa build/stm32f1xx_hal_uart.o
 .text.HAL_UART_ErrorCallback
                0x00000000080029fc        0x2 build/stm32f1xx_hal_uart.o
                0x00000000080029fc                HAL_UART_ErrorCallback
 .text.UART_DMAError
                0x00000000080029fe       0x58 build/stm32f1xx_hal_uart.o
 .text.DMA_SetConfig
                0x0000000008002a56       0x2c build/stm32f1xx_hal_dma.o
 *fill*         0x0000000008002a82        0x2 
 .text.HAL_DMA_Init
                0x0000000008002a84       0xa0 build/stm32f1xx_hal_dma.o
                0x0000000008002a84                HAL_DMA_Init
 .text.HAL_DMA_Start_IT
                0x0000000008002b24       0x74 build/stm32f1xx_hal_dma.o
                0x0000000008002b24                HAL_DMA_Start_IT
 .text.HAL_DMA_IRQHandler
                0x0000000008002b98      0x2ec build/stm32f1xx_hal_dma.o
                0x0000000008002b98                HAL_DMA_IRQHandler
 .text.SystemInit
                0x0000000008002e84       0x4c build/system_stm32f1xx.o
                0x0000000008002e84                SystemInit
 .text.UART_Control_Init
                0x0000000008002ed0      0x11c build/setup.o
                0x0000000008002ed0                UART_Control_Init
 .text.UART_Init
                0x0000000008002fec       0x98 build/setup.o
                0x0000000008002fec                UART_Init
 .text.MX_GPIO_Init
                0x0000000008003084      0x204 build/setup.o
                0x0000000008003084                MX_GPIO_Init
 .text.MX_TIM_Init
                0x0000000008003288      0x1f0 build/setup.o
                0x0000000008003288                MX_TIM_Init
 .text.MX_ADC1_Init
                0x0000000008003478      0x12c build/setup.o
                0x0000000008003478                MX_ADC1_Init
 .text.MX_ADC2_Init
                0x00000000080035a4       0xb4 build/setup.o
                0x00000000080035a4                MX_ADC2_Init
 .text.poweroff
                0x0000000008003658       0x4c build/main.o
                0x0000000008003658                poweroff
 .text.shiftBits
                0x00000000080036a4       0x46 build/main.o
                0x00000000080036a4                shiftBits
 *fill*         0x00000000080036ea        0x2 
 .text.SystemClock_Config
                0x00000000080036ec       0x74 build/main.o
                0x00000000080036ec                SystemClock_Config
 .text.main     0x0000000008003760      0x644 build/main.o
                0x0000000008003760                main
 *fill*         0x0000000008003da4        0x4 
 .text.DMA1_Channel1_IRQHandler
                0x0000000008003da8      0x748 build/bldc.o
                0x0000000008003da8                DMA1_Channel1_IRQHandler
 .text.setScopeChannel
                0x00000000080044f0        0xc build/comms.o
                0x00000000080044f0                setScopeChannel
 .text.consoleScope
                0x00000000080044fc       0x80 build/comms.o
                0x00000000080044fc                consoleScope
 .text.NMI_Handler
                0x000000000800457c        0x2 build/stm32f1xx_it.o
                0x000000000800457c                NMI_Handler
 .text.HardFault_Handler
                0x000000000800457e        0x2 build/stm32f1xx_it.o
                0x000000000800457e                HardFault_Handler
 .text.MemManage_Handler
                0x0000000008004580        0x2 build/stm32f1xx_it.o
                0x0000000008004580                MemManage_Handler
 .text.BusFault_Handler
                0x0000000008004582        0x2 build/stm32f1xx_it.o
                0x0000000008004582                BusFault_Handler
 .text.UsageFault_Handler
                0x0000000008004584        0x2 build/stm32f1xx_it.o
                0x0000000008004584                UsageFault_Handler
 .text.SVC_Handler
                0x0000000008004586        0x2 build/stm32f1xx_it.o
                0x0000000008004586                SVC_Handler
 .text.DebugMon_Handler
                0x0000000008004588        0x2 build/stm32f1xx_it.o
                0x0000000008004588                DebugMon_Handler
 .text.PendSV_Handler
                0x000000000800458a        0x2 build/stm32f1xx_it.o
                0x000000000800458a                PendSV_Handler
 .text.SysTick_Handler
                0x000000000800458c        0xc build/stm32f1xx_it.o
                0x000000000800458c                SysTick_Handler
 .text.DMA1_Channel6_IRQHandler
                0x0000000008004598       0x10 build/stm32f1xx_it.o
                0x0000000008004598                DMA1_Channel6_IRQHandler
 .text.DMA1_Channel7_IRQHandler
                0x00000000080045a8       0x10 build/stm32f1xx_it.o
                0x00000000080045a8                DMA1_Channel7_IRQHandler
 .text.Reset_Handler
                0x00000000080045b8       0x48 build/startup_stm32f103xe.o
                0x00000000080045b8                Reset_Handler
 .text.Default_Handler
                0x0000000008004600        0x2 build/startup_stm32f103xe.o
                0x0000000008004600                RTC_Alarm_IRQHandler
                0x0000000008004600                EXTI2_IRQHandler
                0x0000000008004600                TIM8_TRG_COM_IRQHandler
                0x0000000008004600                TIM8_CC_IRQHandler
                0x0000000008004600                TIM1_CC_IRQHandler
                0x0000000008004600                TIM6_IRQHandler
                0x0000000008004600                PVD_IRQHandler
                0x0000000008004600                SDIO_IRQHandler
                0x0000000008004600                EXTI3_IRQHandler
                0x0000000008004600                EXTI0_IRQHandler
                0x0000000008004600                I2C2_EV_IRQHandler
                0x0000000008004600                ADC1_2_IRQHandler
                0x0000000008004600                SPI1_IRQHandler
                0x0000000008004600                TAMPER_IRQHandler
                0x0000000008004600                TIM8_UP_IRQHandler
                0x0000000008004600                DMA2_Channel2_IRQHandler
                0x0000000008004600                DMA1_Channel4_IRQHandler
                0x0000000008004600                USART3_IRQHandler
                0x0000000008004600                RTC_IRQHandler
                0x0000000008004600                CAN1_RX1_IRQHandler
                0x0000000008004600                UART5_IRQHandler
                0x0000000008004600                ADC3_IRQHandler
                0x0000000008004600                TIM4_IRQHandler
                0x0000000008004600                DMA2_Channel1_IRQHandler
                0x0000000008004600                I2C1_EV_IRQHandler
                0x0000000008004600                UART4_IRQHandler
                0x0000000008004600                TIM3_IRQHandler
                0x0000000008004600                RCC_IRQHandler
                0x0000000008004600                TIM1_TRG_COM_IRQHandler
                0x0000000008004600                Default_Handler
                0x0000000008004600                EXTI15_10_IRQHandler
                0x0000000008004600                TIM7_IRQHandler
                0x0000000008004600                TIM5_IRQHandler
                0x0000000008004600                EXTI9_5_IRQHandler
                0x0000000008004600                SPI2_IRQHandler
                0x0000000008004600                DMA1_Channel5_IRQHandler
                0x0000000008004600                EXTI4_IRQHandler
                0x0000000008004600                USB_LP_CAN1_RX0_IRQHandler
                0x0000000008004600                USB_HP_CAN1_TX_IRQHandler
                0x0000000008004600                DMA1_Channel3_IRQHandler
                0x0000000008004600                FSMC_IRQHandler
                0x0000000008004600                TIM1_UP_IRQHandler
                0x0000000008004600                WWDG_IRQHandler
                0x0000000008004600                TIM2_IRQHandler
                0x0000000008004600                TIM1_BRK_IRQHandler
                0x0000000008004600                EXTI1_IRQHandler
                0x0000000008004600                DMA2_Channel4_5_IRQHandler
                0x0000000008004600                USART2_IRQHandler
                0x0000000008004600                I2C2_ER_IRQHandler
                0x0000000008004600                DMA1_Channel2_IRQHandler
                0x0000000008004600                TIM8_BRK_IRQHandler
                0x0000000008004600                CAN1_SCE_IRQHandler
                0x0000000008004600                FLASH_IRQHandler
                0x0000000008004600                USART1_IRQHandler
                0x0000000008004600                SPI3_IRQHandler
                0x0000000008004600                I2C1_ER_IRQHandler
                0x0000000008004600                USBWakeUp_IRQHandler
                0x0000000008004600                DMA2_Channel3_IRQHandler
 *fill*         0x0000000008004602        0x2 
 .text.__libc_init_array
                0x0000000008004604       0x48 /usr/bin/../lib/gcc/arm-none-eabi/7.3.1/../../../../arm-none-eabi/lib/thumb/v7-m/libc_nano.a(lib_a-init.o)
                0x0000000008004604                __libc_init_array
 .text.memset   0x000000000800464c       0x10 /usr/bin/../lib/gcc/arm-none-eabi/7.3.1/../../../../arm-none-eabi/lib/thumb/v7-m/libc_nano.a(lib_a-memset.o)
                0x000000000800464c                memset
 .text.sprintf  0x000000000800465c       0x40 /usr/bin/../lib/gcc/arm-none-eabi/7.3.1/../../../../arm-none-eabi/lib/thumb/v7-m/libc_nano.a(lib_a-sprintf.o)
                0x000000000800465c                sprintf
                0x000000000800465c                siprintf
 .text.__ssputs_r
                0x000000000800469c       0xb4 /usr/bin/../lib/gcc/arm-none-eabi/7.3.1/../../../../arm-none-eabi/lib/thumb/v7-m/libc_nano.a(lib_a-nano-svfprintf.o)
                0x000000000800469c                __ssputs_r
 .text._svfprintf_r
                0x0000000008004750      0x1f0 /usr/bin/../lib/gcc/arm-none-eabi/7.3.1/../../../../arm-none-eabi/lib/thumb/v7-m/libc_nano.a(lib_a-nano-svfprintf.o)
                0x0000000008004750                _svfprintf_r
                0x0000000008004750                _svfiprintf_r
 .text._printf_common
                0x0000000008004940       0xec /usr/bin/../lib/gcc/arm-none-eabi/7.3.1/../../../../arm-none-eabi/lib/thumb/v7-m/libc_nano.a(lib_a-nano-vfprintf_i.o)
                0x0000000008004940                _printf_common
 .text._printf_i
                0x0000000008004a2c      0x224 /usr/bin/../lib/gcc/arm-none-eabi/7.3.1/../../../../arm-none-eabi/lib/thumb/v7-m/libc_nano.a(lib_a-nano-vfprintf_i.o)
                0x0000000008004a2c                _printf_i
 .text.memchr   0x0000000008004c50       0x1c /usr/bin/../lib/gcc/arm-none-eabi/7.3.1/../../../../arm-none-eabi/lib/thumb/v7-m/libc_nano.a(lib_a-memchr-stub.o)
                0x0000000008004c50                memchr
 .text.memcpy   0x0000000008004c6c       0x16 /usr/bin/../lib/gcc/arm-none-eabi/7.3.1/../../../../arm-none-eabi/lib/thumb/v7-m/libc_nano.a(lib_a-memcpy-stub.o)
                0x0000000008004c6c                memcpy
 .text.memmove  0x0000000008004c82       0x32 /usr/bin/../lib/gcc/arm-none-eabi/7.3.1/../../../../arm-none-eabi/lib/thumb/v7-m/libc_nano.a(lib_a-memmove.o)
                0x0000000008004c82                memmove
 .text._free_r  0x0000000008004cb4       0x98 /usr/bin/../lib/gcc/arm-none-eabi/7.3.1/../../../../arm-none-eabi/lib/thumb/v7-m/libc_nano.a(lib_a-nano-freer.o)
                0x0000000008004cb4                _free_r
 .text._malloc_r
                0x0000000008004d4c       0xb4 /usr/bin/../lib/gcc/arm-none-eabi/7.3.1/../../../../arm-none-eabi/lib/thumb/v7-m/libc_nano.a(lib_a-nano-mallocr.o)
                0x0000000008004d4c                _malloc_r
 .text._realloc_r
                0x0000000008004e00       0x4c /usr/bin/../lib/gcc/arm-none-eabi/7.3.1/../../../../arm-none-eabi/lib/thumb/v7-m/libc_nano.a(lib_a-nano-reallocr.o)
                0x0000000008004e00                _realloc_r
 .text._sbrk_r  0x0000000008004e4c       0x20 /usr/bin/../lib/gcc/arm-none-eabi/7.3.1/../../../../arm-none-eabi/lib/thumb/v7-m/libc_nano.a(lib_a-sbrkr.o)
                0x0000000008004e4c                _sbrk_r
 .text.__malloc_lock
                0x0000000008004e6c        0x2 /usr/bin/../lib/gcc/arm-none-eabi/7.3.1/../../../../arm-none-eabi/lib/thumb/v7-m/libc_nano.a(lib_a-mlock.o)
                0x0000000008004e6c                __malloc_lock
 .text.__malloc_unlock
                0x0000000008004e6e        0x2 /usr/bin/../lib/gcc/arm-none-eabi/7.3.1/../../../../arm-none-eabi/lib/thumb/v7-m/libc_nano.a(lib_a-mlock.o)
                0x0000000008004e6e                __malloc_unlock
 .text._malloc_usable_size_r
                0x0000000008004e70       0x10 /usr/bin/../lib/gcc/arm-none-eabi/7.3.1/../../../../arm-none-eabi/lib/thumb/v7-m/libc_nano.a(lib_a-nano-msizer.o)
                0x0000000008004e70                _malloc_usable_size_r
 .text._sbrk    0x0000000008004e80       0x1c /usr/bin/../lib/gcc/arm-none-eabi/7.3.1/../../../../arm-none-eabi/lib/thumb/v7-m/libnosys.a(sbrk.o)
                0x0000000008004e80                _sbrk
 *(.glue_7)
 .glue_7        0x0000000008004e9c        0x0 linker stubs
 *(.glue_7t)
 .glue_7t       0x0000000008004e9c        0x0 linker stubs
 *(.eh_frame)
 .eh_frame      0x0000000008004e9c        0x0 /usr/bin/../lib/gcc/arm-none-eabi/7.3.1/thumb/v7-m/crtbegin.o
 *(.init)
 .init          0x0000000008004e9c        0x4 /usr/bin/../lib/gcc/arm-none-eabi/7.3.1/thumb/v7-m/crti.o
                0x0000000008004e9c                _init
 .init          0x0000000008004ea0        0x8 /usr/bin/../lib/gcc/arm-none-eabi/7.3.1/thumb/v7-m/crtn.o
 *(.fini)
 .fini          0x0000000008004ea8        0x4 /usr/bin/../lib/gcc/arm-none-eabi/7.3.1/thumb/v7-m/crti.o
                0x0000000008004ea8                _fini
 .fini          0x0000000008004eac        0x8 /usr/bin/../lib/gcc/arm-none-eabi/7.3.1/thumb/v7-m/crtn.o
                0x0000000008004eb4                . = ALIGN (0x4)
                0x0000000008004eb4                _etext = .

.vfp11_veneer   0x0000000008004eb4        0x0
 .vfp11_veneer  0x0000000008004eb4        0x0 linker stubs

.v4_bx          0x0000000008004eb4        0x0
 .v4_bx         0x0000000008004eb4        0x0 linker stubs

.iplt           0x0000000008004eb4        0x0
 .iplt          0x0000000008004eb4        0x0 /usr/bin/../lib/gcc/arm-none-eabi/7.3.1/thumb/v7-m/crtbegin.o

.rodata         0x0000000008004eb4       0x9c
                0x0000000008004eb4                . = ALIGN (0x4)
 *(.rodata)
 .rodata        0x0000000008004eb4       0x12 build/stm32f1xx_hal_rcc.o
 *(.rodata*)
 *fill*         0x0000000008004ec6        0x2 
 .rodata.AHBPrescTable
                0x0000000008004ec8       0x10 build/system_stm32f1xx.o
                0x0000000008004ec8                AHBPrescTable
 .rodata.APBPrescTable
                0x0000000008004ed8        0x8 build/system_stm32f1xx.o
                0x0000000008004ed8                APBPrescTable
 .rodata.hall_to_pos
                0x0000000008004ee0        0x8 build/bldc.o
                0x0000000008004ee0                hall_to_pos
 .rodata.consoleScope.str1.4
                0x0000000008004ee8       0x34 build/comms.o
                                         0x32 (size before relaxing)
 .rodata._svfprintf_r.str1.1
                0x0000000008004f1c       0x11 /usr/bin/../lib/gcc/arm-none-eabi/7.3.1/../../../../arm-none-eabi/lib/thumb/v7-m/libc_nano.a(lib_a-nano-svfprintf.o)
 .rodata._printf_i.str1.1
                0x0000000008004f2d       0x22 /usr/bin/../lib/gcc/arm-none-eabi/7.3.1/../../../../arm-none-eabi/lib/thumb/v7-m/libc_nano.a(lib_a-nano-vfprintf_i.o)
                0x0000000008004f50                . = ALIGN (0x4)
 *fill*         0x0000000008004f4f        0x1 

.rel.dyn        0x0000000008004f50        0x0
 .rel.iplt      0x0000000008004f50        0x0 /usr/bin/../lib/gcc/arm-none-eabi/7.3.1/thumb/v7-m/crtbegin.o

.ARM.extab
 *(.ARM.extab* .gnu.linkonce.armextab.*)

.ARM            0x0000000008004f50        0x0
                0x0000000008004f50                __exidx_start = .
 *(.ARM.exidx*)
                0x0000000008004f50                __exidx_end = .

.preinit_array  0x0000000008004f50        0x0
                0x0000000008004f50                PROVIDE (__preinit_array_start = .)
 *(.preinit_array*)
                0x0000000008004f50                PROVIDE (__preinit_array_end = .)

.init_array     0x0000000008004f50        0x4
                0x0000000008004f50                PROVIDE (__init_array_start = .)
 *(SORT_BY_NAME(.init_array.*))
 *(.init_array*)
 .init_array    0x0000000008004f50        0x4 /usr/bin/../lib/gcc/arm-none-eabi/7.3.1/thumb/v7-m/crtbegin.o
                0x0000000008004f54                PROVIDE (__init_array_end = .)

.fini_array     0x0000000008004f54        0x4
                [!provide]                        PROVIDE (__fini_array_start = .)
 *(SORT_BY_NAME(.fini_array.*))
 *(.fini_array*)
 .fini_array    0x0000000008004f54        0x4 /usr/bin/../lib/gcc/arm-none-eabi/7.3.1/thumb/v7-m/crtbegin.o
                [!provide]                        PROVIDE (__fini_array_end = .)
                0x0000000008004f58                _sidata = LOADADDR (.data)

.data           0x0000000020000000       0x88 load address 0x0000000008004f58
                0x0000000020000000                . = ALIGN (0x4)
                0x0000000020000000                _sdata = .
 *(.data)
 *(.data*)
 .data.SystemCoreClock
                0x0000000020000000        0x4 build/system_stm32f1xx.o
                0x0000000020000000                SystemCoreClock
 .data.timeout  0x0000000020000004        0x4 build/control.o
                0x0000000020000004                timeout
 .data.batteryVoltage
                0x0000000020000008        0x4 build/bldc.o
                0x0000000020000008                batteryVoltage
 .data.offsetdcl
                0x000000002000000c        0x4 build/bldc.o
                0x000000002000000c                offsetdcl
 .data.offsetdcr
                0x0000000020000010        0x4 build/bldc.o
                0x0000000020000010                offsetdcr
 .data.offsetrl1
                0x0000000020000014        0x4 build/bldc.o
                0x0000000020000014                offsetrl1
 .data.offsetrl2
                0x0000000020000018        0x4 build/bldc.o
                0x0000000020000018                offsetrl2
 .data.offsetrr1
                0x000000002000001c        0x4 build/bldc.o
                0x000000002000001c                offsetrr1
 .data.offsetrr2
                0x0000000020000020        0x4 build/bldc.o
                0x0000000020000020                offsetrr2
 .data._impure_ptr
                0x0000000020000024        0x4 /usr/bin/../lib/gcc/arm-none-eabi/7.3.1/../../../../arm-none-eabi/lib/thumb/v7-m/libc_nano.a(lib_a-impure.o)
                0x0000000020000024                _impure_ptr
 .data.impure_data
                0x0000000020000028       0x60 /usr/bin/../lib/gcc/arm-none-eabi/7.3.1/../../../../arm-none-eabi/lib/thumb/v7-m/libc_nano.a(lib_a-impure.o)
                0x0000000020000088                . = ALIGN (0x4)
                0x0000000020000088                _edata = .

.igot.plt       0x0000000020000088        0x0 load address 0x0000000008004fe0
 .igot.plt      0x0000000020000088        0x0 /usr/bin/../lib/gcc/arm-none-eabi/7.3.1/thumb/v7-m/crtbegin.o
                0x0000000020000088                . = ALIGN (0x4)

.bss            0x0000000020000088      0x3c4 load address 0x0000000008004fe0
                0x0000000020000088                _sbss = .
                0x0000000020000088                __bss_start__ = _sbss
 *(.bss)
 .bss           0x0000000020000088       0x1c /usr/bin/../lib/gcc/arm-none-eabi/7.3.1/thumb/v7-m/crtbegin.o
 *(.bss*)
 .bss.good_cmd_count
                0x00000000200000a4        0x4 build/main.o
                0x00000000200000a4                good_cmd_count
 .bss.last_cmd  0x00000000200000a8        0x4 build/main.o
                0x00000000200000a8                last_cmd
 .bss.same_cmd_count
                0x00000000200000ac        0x4 build/main.o
                0x00000000200000ac                same_cmd_count
 .bss.buzzerFreq
                0x00000000200000b0        0x4 build/bldc.o
                0x00000000200000b0                buzzerFreq
 .bss.buzzerPattern
                0x00000000200000b4        0x4 build/bldc.o
                0x00000000200000b4                buzzerPattern
 .bss.buzzerTimer
                0x00000000200000b8        0x4 build/bldc.o
                0x00000000200000b8                buzzerTimer
 .bss.curl      0x00000000200000bc        0x4 build/bldc.o
                0x00000000200000bc                curl
 .bss.enable    0x00000000200000c0        0x1 build/bldc.o
                0x00000000200000c0                enable
 *fill*         0x00000000200000c1        0x3 
 .bss.offsetcount
                0x00000000200000c4        0x4 build/bldc.o
                0x00000000200000c4                offsetcount
 .bss.posl      0x00000000200000c8        0x4 build/bldc.o
                0x00000000200000c8                posl
 .bss.posr      0x00000000200000cc        0x4 build/bldc.o
                0x00000000200000cc                posr
 .bss.pwml      0x00000000200000d0        0x4 build/bldc.o
                0x00000000200000d0                pwml
 .bss.pwmr      0x00000000200000d4        0x4 build/bldc.o
                0x00000000200000d4                pwmr
 .bss.weakl     0x00000000200000d8        0x4 build/bldc.o
                0x00000000200000d8                weakl
 .bss.weakr     0x00000000200000dc        0x4 build/bldc.o
                0x00000000200000dc                weakr
 .bss.__malloc_free_list
                0x00000000200000e0        0x4 /usr/bin/../lib/gcc/arm-none-eabi/7.3.1/../../../../arm-none-eabi/lib/thumb/v7-m/libc_nano.a(lib_a-nano-mallocr.o)
                0x00000000200000e0                __malloc_free_list
 .bss.__malloc_sbrk_start
                0x00000000200000e4        0x4 /usr/bin/../lib/gcc/arm-none-eabi/7.3.1/../../../../arm-none-eabi/lib/thumb/v7-m/libc_nano.a(lib_a-nano-mallocr.o)
                0x00000000200000e4                __malloc_sbrk_start
 .bss.heap_end.4102
                0x00000000200000e8        0x4 /usr/bin/../lib/gcc/arm-none-eabi/7.3.1/../../../../arm-none-eabi/lib/thumb/v7-m/libnosys.a(sbrk.o)
 *(COMMON)
 COMMON         0x00000000200000ec        0x4 build/stm32f1xx_hal.o
                0x00000000200000ec                uwTick
 COMMON         0x00000000200000f0      0x298 build/setup.o
                0x00000000200000f0                hdma_usart2_rx
                0x0000000020000134                hadc2
                0x0000000020000164                hi2c2
                0x00000000200001b8                htim_right
                0x00000000200001f8                hdma_i2c2_rx
                0x000000002000023c                hdma_i2c2_tx
                0x0000000020000280                hadc1
                0x00000000200002b0                hdma_usart2_tx
                0x00000000200002f4                adc_buffer
                0x0000000020000308                huart2
                0x0000000020000348                htim_left
 COMMON         0x0000000020000388       0x4c build/main.o
                0x0000000020000388                command_volatile
                0x000000002000039c                main_loop_counter
                0x00000000200003a0                inactivity_timeout_counter
                0x00000000200003a4                command
                0x00000000200003b8                button2
                0x00000000200003bc                cmd2
                0x00000000200003c0                steer
                0x00000000200003c4                cmd3
                0x00000000200003c8                speed
                0x00000000200003cc                button1
                0x00000000200003d0                cmd1
 COMMON         0x00000000200003d4       0x74 build/comms.o
                0x00000000200003d4                uart_buf
                0x0000000020000438                ch_buf
 COMMON         0x0000000020000448        0x4 /usr/bin/../lib/gcc/arm-none-eabi/7.3.1/../../../../arm-none-eabi/lib/thumb/v7-m/libc_nano.a(lib_a-reent.o)
                0x0000000020000448                errno
                0x000000002000044c                . = ALIGN (0x4)
                0x000000002000044c                _ebss = .
                0x000000002000044c                __bss_end__ = _ebss

._user_heap_stack
                0x000000002000044c      0x604 load address 0x0000000008004fe0
                0x0000000020000450                . = ALIGN (0x8)
 *fill*         0x000000002000044c        0x4 
                0x0000000020000450                PROVIDE (end = .)
                [!provide]                        PROVIDE (_end = .)
                0x0000000020000650                . = (. + _Min_Heap_Size)
 *fill*         0x0000000020000450      0x200 
                0x0000000020000a50                . = (. + _Min_Stack_Size)
 *fill*         0x0000000020000650      0x400 
                0x0000000020000a50                . = ALIGN (0x8)

/DISCARD/
 libc.a(*)
 libm.a(*)
 libgcc.a(*)

.ARM.attributes
                0x0000000000000000       0x29
 *(.ARM.attributes)
 .ARM.attributes
                0x0000000000000000       0x1d /usr/bin/../lib/gcc/arm-none-eabi/7.3.1/thumb/v7-m/crti.o
 .ARM.attributes
                0x000000000000001d       0x2d /usr/bin/../lib/gcc/arm-none-eabi/7.3.1/thumb/v7-m/crtbegin.o
 .ARM.attributes
                0x000000000000004a       0x33 build/stm32f1xx_hal_rcc.o
 .ARM.attributes
                0x000000000000007d       0x33 build/stm32f1xx_hal_tim.o
 .ARM.attributes
                0x00000000000000b0       0x33 build/stm32f1xx_hal_tim_ex.o
 .ARM.attributes
                0x00000000000000e3       0x33 build/stm32f1xx_hal_adc_ex.o
 .ARM.attributes
                0x0000000000000116       0x33 build/stm32f1xx_hal_cortex.o
 .ARM.attributes
                0x0000000000000149       0x33 build/stm32f1xx_hal_gpio.o
 .ARM.attributes
                0x000000000000017c       0x33 build/stm32f1xx_hal_rcc_ex.o
 .ARM.attributes
                0x00000000000001af       0x33 build/stm32f1xx_hal.o
 .ARM.attributes
                0x00000000000001e2       0x33 build/stm32f1xx_hal_adc.o
 .ARM.attributes
                0x0000000000000215       0x33 build/stm32f1xx_hal_uart.o
 .ARM.attributes
                0x0000000000000248       0x33 build/stm32f1xx_hal_dma.o
 .ARM.attributes
                0x000000000000027b       0x33 build/system_stm32f1xx.o
 .ARM.attributes
                0x00000000000002ae       0x33 build/setup.o
 .ARM.attributes
                0x00000000000002e1       0x33 build/control.o
 .ARM.attributes
                0x0000000000000314       0x33 build/main.o
 .ARM.attributes
                0x0000000000000347       0x33 build/bldc.o
 .ARM.attributes
                0x000000000000037a       0x33 build/comms.o
 .ARM.attributes
                0x00000000000003ad       0x33 build/stm32f1xx_it.o
 .ARM.attributes
                0x00000000000003e0       0x21 build/startup_stm32f103xe.o
 .ARM.attributes
                0x0000000000000401       0x2d /usr/bin/../lib/gcc/arm-none-eabi/7.3.1/../../../../arm-none-eabi/lib/thumb/v7-m/libc_nano.a(lib_a-impure.o)
 .ARM.attributes
                0x000000000000042e       0x2d /usr/bin/../lib/gcc/arm-none-eabi/7.3.1/../../../../arm-none-eabi/lib/thumb/v7-m/libc_nano.a(lib_a-init.o)
 .ARM.attributes
                0x000000000000045b       0x2d /usr/bin/../lib/gcc/arm-none-eabi/7.3.1/../../../../arm-none-eabi/lib/thumb/v7-m/libc_nano.a(lib_a-memset.o)
 .ARM.attributes
                0x0000000000000488       0x2d /usr/bin/../lib/gcc/arm-none-eabi/7.3.1/../../../../arm-none-eabi/lib/thumb/v7-m/libc_nano.a(lib_a-sprintf.o)
 .ARM.attributes
                0x00000000000004b5       0x17 /usr/bin/../lib/gcc/arm-none-eabi/7.3.1/../../../../arm-none-eabi/lib/thumb/v7-m/libc_nano.a(lib_a-strlen.o)
 .ARM.attributes
                0x00000000000004cc       0x2d /usr/bin/../lib/gcc/arm-none-eabi/7.3.1/../../../../arm-none-eabi/lib/thumb/v7-m/libc_nano.a(lib_a-nano-svfprintf.o)
 .ARM.attributes
                0x00000000000004f9       0x2d /usr/bin/../lib/gcc/arm-none-eabi/7.3.1/../../../../arm-none-eabi/lib/thumb/v7-m/libc_nano.a(lib_a-nano-vfprintf_i.o)
 .ARM.attributes
                0x0000000000000526       0x2d /usr/bin/../lib/gcc/arm-none-eabi/7.3.1/../../../../arm-none-eabi/lib/thumb/v7-m/libc_nano.a(lib_a-memchr-stub.o)
 .ARM.attributes
                0x0000000000000553       0x2d /usr/bin/../lib/gcc/arm-none-eabi/7.3.1/../../../../arm-none-eabi/lib/thumb/v7-m/libc_nano.a(lib_a-memcpy-stub.o)
 .ARM.attributes
                0x0000000000000580       0x2d /usr/bin/../lib/gcc/arm-none-eabi/7.3.1/../../../../arm-none-eabi/lib/thumb/v7-m/libc_nano.a(lib_a-memmove.o)
 .ARM.attributes
                0x00000000000005ad       0x2d /usr/bin/../lib/gcc/arm-none-eabi/7.3.1/../../../../arm-none-eabi/lib/thumb/v7-m/libc_nano.a(lib_a-nano-freer.o)
 .ARM.attributes
                0x00000000000005da       0x2d /usr/bin/../lib/gcc/arm-none-eabi/7.3.1/../../../../arm-none-eabi/lib/thumb/v7-m/libc_nano.a(lib_a-nano-mallocr.o)
 .ARM.attributes
                0x0000000000000607       0x2d /usr/bin/../lib/gcc/arm-none-eabi/7.3.1/../../../../arm-none-eabi/lib/thumb/v7-m/libc_nano.a(lib_a-nano-reallocr.o)
 .ARM.attributes
                0x0000000000000634       0x2d /usr/bin/../lib/gcc/arm-none-eabi/7.3.1/../../../../arm-none-eabi/lib/thumb/v7-m/libc_nano.a(lib_a-sbrkr.o)
 .ARM.attributes
                0x0000000000000661       0x2d /usr/bin/../lib/gcc/arm-none-eabi/7.3.1/../../../../arm-none-eabi/lib/thumb/v7-m/libc_nano.a(lib_a-mlock.o)
 .ARM.attributes
                0x000000000000068e       0x2d /usr/bin/../lib/gcc/arm-none-eabi/7.3.1/../../../../arm-none-eabi/lib/thumb/v7-m/libc_nano.a(lib_a-nano-msizer.o)
 .ARM.attributes
                0x00000000000006bb       0x2d /usr/bin/../lib/gcc/arm-none-eabi/7.3.1/../../../../arm-none-eabi/lib/thumb/v7-m/libc_nano.a(lib_a-reent.o)
 .ARM.attributes
                0x00000000000006e8       0x2d /usr/bin/../lib/gcc/arm-none-eabi/7.3.1/../../../../arm-none-eabi/lib/thumb/v7-m/libnosys.a(sbrk.o)
 .ARM.attributes
                0x0000000000000715       0x1d /usr/bin/../lib/gcc/arm-none-eabi/7.3.1/thumb/v7-m/libgcc.a(_arm_addsubdf3.o)
 .ARM.attributes
                0x0000000000000732       0x1d /usr/bin/../lib/gcc/arm-none-eabi/7.3.1/thumb/v7-m/libgcc.a(_arm_muldivdf3.o)
 .ARM.attributes
                0x000000000000074f       0x1d /usr/bin/../lib/gcc/arm-none-eabi/7.3.1/thumb/v7-m/libgcc.a(_arm_cmpdf2.o)
 .ARM.attributes
                0x000000000000076c       0x1d /usr/bin/../lib/gcc/arm-none-eabi/7.3.1/thumb/v7-m/libgcc.a(_arm_fixdfsi.o)
 .ARM.attributes
                0x0000000000000789       0x1d /usr/bin/../lib/gcc/arm-none-eabi/7.3.1/thumb/v7-m/libgcc.a(_arm_truncdfsf2.o)
 .ARM.attributes
                0x00000000000007a6       0x1d /usr/bin/../lib/gcc/arm-none-eabi/7.3.1/thumb/v7-m/libgcc.a(_arm_addsubsf3.o)
 .ARM.attributes
                0x00000000000007c3       0x1d /usr/bin/../lib/gcc/arm-none-eabi/7.3.1/thumb/v7-m/libgcc.a(_arm_muldivsf3.o)
 .ARM.attributes
                0x00000000000007e0       0x1d /usr/bin/../lib/gcc/arm-none-eabi/7.3.1/thumb/v7-m/libgcc.a(_arm_cmpsf2.o)
 .ARM.attributes
                0x00000000000007fd       0x1d /usr/bin/../lib/gcc/arm-none-eabi/7.3.1/thumb/v7-m/libgcc.a(_arm_fixsfsi.o)
 .ARM.attributes
                0x000000000000081a       0x1d /usr/bin/../lib/gcc/arm-none-eabi/7.3.1/thumb/v7-m/crtn.o
OUTPUT(build/hover.elf elf32-littlearm)

.debug_info     0x0000000000000000    0x1b426
 .debug_info    0x0000000000000000     0x130f build/stm32f1xx_hal_rcc.o
 .debug_info    0x000000000000130f     0x39ff build/stm32f1xx_hal_tim.o
 .debug_info    0x0000000000004d0e     0x1d0c build/stm32f1xx_hal_tim_ex.o
 .debug_info    0x0000000000006a1a     0x150c build/stm32f1xx_hal_adc_ex.o
 .debug_info    0x0000000000007f26     0x1661 build/stm32f1xx_hal_cortex.o
 .debug_info    0x0000000000009587      0xfd3 build/stm32f1xx_hal_gpio.o
 .debug_info    0x000000000000a55a      0xdbf build/stm32f1xx_hal_rcc_ex.o
 .debug_info    0x000000000000b319     0x10bc build/stm32f1xx_hal.o
 .debug_info    0x000000000000c3d5     0x1821 build/stm32f1xx_hal_adc.o
 .debug_info    0x000000000000dbf6     0x20c5 build/stm32f1xx_hal_uart.o
 .debug_info    0x000000000000fcbb     0x116c build/stm32f1xx_hal_dma.o
 .debug_info    0x0000000000010e27      0xd44 build/system_stm32f1xx.o
 .debug_info    0x0000000000011b6b     0x2b5e build/setup.o
 .debug_info    0x00000000000146c9     0x142f build/control.o
 .debug_info    0x0000000000015af8     0x252f build/main.o
 .debug_info    0x0000000000018027     0x12ae build/bldc.o
 .debug_info    0x00000000000192d5     0x1063 build/comms.o
 .debug_info    0x000000000001a338     0x10cc build/stm32f1xx_it.o
 .debug_info    0x000000000001b404       0x22 build/startup_stm32f103xe.o

.debug_abbrev   0x0000000000000000     0x31f7
 .debug_abbrev  0x0000000000000000      0x31f build/stm32f1xx_hal_rcc.o
 .debug_abbrev  0x000000000000031f      0x31f build/stm32f1xx_hal_tim.o
 .debug_abbrev  0x000000000000063e      0x2f8 build/stm32f1xx_hal_tim_ex.o
 .debug_abbrev  0x0000000000000936      0x2d1 build/stm32f1xx_hal_adc_ex.o
 .debug_abbrev  0x0000000000000c07      0x3d3 build/stm32f1xx_hal_cortex.o
 .debug_abbrev  0x0000000000000fda      0x2be build/stm32f1xx_hal_gpio.o
 .debug_abbrev  0x0000000000001298      0x296 build/stm32f1xx_hal_rcc_ex.o
 .debug_abbrev  0x000000000000152e      0x2e3 build/stm32f1xx_hal.o
 .debug_abbrev  0x0000000000001811      0x2a0 build/stm32f1xx_hal_adc.o
 .debug_abbrev  0x0000000000001ab1      0x338 build/stm32f1xx_hal_uart.o
 .debug_abbrev  0x0000000000001de9      0x2ff build/stm32f1xx_hal_dma.o
 .debug_abbrev  0x00000000000020e8      0x209 build/system_stm32f1xx.o
 .debug_abbrev  0x00000000000022f1      0x271 build/setup.o
 .debug_abbrev  0x0000000000002562      0x21e build/control.o
 .debug_abbrev  0x0000000000002780      0x37a build/main.o
 .debug_abbrev  0x0000000000002afa      0x27e build/bldc.o
 .debug_abbrev  0x0000000000002d78      0x27b build/comms.o
 .debug_abbrev  0x0000000000002ff3      0x1f2 build/stm32f1xx_it.o
 .debug_abbrev  0x00000000000031e5       0x12 build/startup_stm32f103xe.o

.debug_loc      0x0000000000000000     0xbb1c
 .debug_loc     0x0000000000000000      0x5f8 build/stm32f1xx_hal_rcc.o
 .debug_loc     0x00000000000005f8     0x404a build/stm32f1xx_hal_tim.o
 .debug_loc     0x0000000000004642     0x1372 build/stm32f1xx_hal_tim_ex.o
 .debug_loc     0x00000000000059b4      0x9b6 build/stm32f1xx_hal_adc_ex.o
 .debug_loc     0x000000000000636a      0x63d build/stm32f1xx_hal_cortex.o
 .debug_loc     0x00000000000069a7      0x50b build/stm32f1xx_hal_gpio.o
 .debug_loc     0x0000000000006eb2      0x392 build/stm32f1xx_hal_rcc_ex.o
 .debug_loc     0x0000000000007244      0x101 build/stm32f1xx_hal.o
 .debug_loc     0x0000000000007345      0xd12 build/stm32f1xx_hal_adc.o
 .debug_loc     0x0000000000008057     0x19dd build/stm32f1xx_hal_uart.o
 .debug_loc     0x0000000000009a34      0x8c3 build/stm32f1xx_hal_dma.o
 .debug_loc     0x000000000000a2f7       0xdf build/system_stm32f1xx.o
 .debug_loc     0x000000000000a3d6      0x18c build/setup.o
 .debug_loc     0x000000000000a562       0x7c build/control.o
 .debug_loc     0x000000000000a5de      0x368 build/main.o
 .debug_loc     0x000000000000a946     0x10f2 build/bldc.o
 .debug_loc     0x000000000000ba38       0x84 build/comms.o
 .debug_loc     0x000000000000babc       0x60 build/stm32f1xx_it.o

.debug_aranges  0x0000000000000000      0xc80
 .debug_aranges
                0x0000000000000000       0x90 build/stm32f1xx_hal_rcc.o
 .debug_aranges
                0x0000000000000090      0x368 build/stm32f1xx_hal_tim.o
 .debug_aranges
                0x00000000000003f8      0x138 build/stm32f1xx_hal_tim_ex.o
 .debug_aranges
                0x0000000000000530       0x80 build/stm32f1xx_hal_adc_ex.o
 .debug_aranges
                0x00000000000005b0       0x90 build/stm32f1xx_hal_cortex.o
 .debug_aranges
                0x0000000000000640       0x58 build/stm32f1xx_hal_gpio.o
 .debug_aranges
                0x0000000000000698       0x30 build/stm32f1xx_hal_rcc_ex.o
 .debug_aranges
                0x00000000000006c8       0xb8 build/stm32f1xx_hal.o
 .debug_aranges
                0x0000000000000780       0xf0 build/stm32f1xx_hal_adc.o
 .debug_aranges
                0x0000000000000870      0x1d0 build/stm32f1xx_hal_uart.o
 .debug_aranges
                0x0000000000000a40       0x80 build/stm32f1xx_hal_dma.o
 .debug_aranges
                0x0000000000000ac0       0x28 build/system_stm32f1xx.o
 .debug_aranges
                0x0000000000000ae8       0x50 build/setup.o
 .debug_aranges
                0x0000000000000b38       0x28 build/control.o
 .debug_aranges
                0x0000000000000b60       0x38 build/main.o
 .debug_aranges
                0x0000000000000b98       0x20 build/bldc.o
 .debug_aranges
                0x0000000000000bb8       0x30 build/comms.o
 .debug_aranges
                0x0000000000000be8       0x70 build/stm32f1xx_it.o
 .debug_aranges
                0x0000000000000c58       0x28 build/startup_stm32f103xe.o

.debug_ranges   0x0000000000000000      0xd28
 .debug_ranges  0x0000000000000000       0xa0 build/stm32f1xx_hal_rcc.o
 .debug_ranges  0x00000000000000a0      0x358 build/stm32f1xx_hal_tim.o
 .debug_ranges  0x00000000000003f8      0x128 build/stm32f1xx_hal_tim_ex.o
 .debug_ranges  0x0000000000000520       0x70 build/stm32f1xx_hal_adc_ex.o
 .debug_ranges  0x0000000000000590       0xe0 build/stm32f1xx_hal_cortex.o
 .debug_ranges  0x0000000000000670       0x48 build/stm32f1xx_hal_gpio.o
 .debug_ranges  0x00000000000006b8       0x38 build/stm32f1xx_hal_rcc_ex.o
 .debug_ranges  0x00000000000006f0       0xa8 build/stm32f1xx_hal.o
 .debug_ranges  0x0000000000000798       0xe0 build/stm32f1xx_hal_adc.o
 .debug_ranges  0x0000000000000878      0x1c0 build/stm32f1xx_hal_uart.o
 .debug_ranges  0x0000000000000a38       0x70 build/stm32f1xx_hal_dma.o
 .debug_ranges  0x0000000000000aa8       0x18 build/system_stm32f1xx.o
 .debug_ranges  0x0000000000000ac0       0x40 build/setup.o
 .debug_ranges  0x0000000000000b00       0x18 build/control.o
 .debug_ranges  0x0000000000000b18       0x90 build/main.o
 .debug_ranges  0x0000000000000ba8       0xe0 build/bldc.o
 .debug_ranges  0x0000000000000c88       0x20 build/comms.o
 .debug_ranges  0x0000000000000ca8       0x60 build/stm32f1xx_it.o
 .debug_ranges  0x0000000000000d08       0x20 build/startup_stm32f103xe.o

.debug_line     0x0000000000000000     0x622e
 .debug_line    0x0000000000000000      0x4e7 build/stm32f1xx_hal_rcc.o
 .debug_line    0x00000000000004e7     0x1279 build/stm32f1xx_hal_tim.o
 .debug_line    0x0000000000001760      0x7a9 build/stm32f1xx_hal_tim_ex.o
 .debug_line    0x0000000000001f09      0x5ee build/stm32f1xx_hal_adc_ex.o
 .debug_line    0x00000000000024f7      0x360 build/stm32f1xx_hal_cortex.o
 .debug_line    0x0000000000002857      0x3a9 build/stm32f1xx_hal_gpio.o
 .debug_line    0x0000000000002c00      0x2d1 build/stm32f1xx_hal_rcc_ex.o
 .debug_line    0x0000000000002ed1      0x34a build/stm32f1xx_hal.o
 .debug_line    0x000000000000321b      0x795 build/stm32f1xx_hal_adc.o
 .debug_line    0x00000000000039b0      0xb0a build/stm32f1xx_hal_uart.o
 .debug_line    0x00000000000044ba      0x7e2 build/stm32f1xx_hal_dma.o
 .debug_line    0x0000000000004c9c      0x1c5 build/system_stm32f1xx.o
 .debug_line    0x0000000000004e61      0x453 build/setup.o
 .debug_line    0x00000000000052b4      0x223 build/control.o
 .debug_line    0x00000000000054d7      0x4a0 build/main.o
 .debug_line    0x0000000000005977      0x35a build/bldc.o
 .debug_line    0x0000000000005cd1      0x23d build/comms.o
 .debug_line    0x0000000000005f0e      0x2ae build/stm32f1xx_it.o
 .debug_line    0x00000000000061bc       0x72 build/startup_stm32f103xe.o

.debug_str      0x0000000000000000     0x431b
 .debug_str     0x0000000000000000      0x97e build/stm32f1xx_hal_rcc.o
                                        0xa23 (size before relaxing)
 .debug_str     0x000000000000097e     0x10e0 build/stm32f1xx_hal_tim.o
                                       0x177b (size before relaxing)
 .debug_str     0x0000000000001a5e      0x4ee build/stm32f1xx_hal_tim_ex.o
                                       0x101d (size before relaxing)
 .debug_str     0x0000000000001f4c      0x42a build/stm32f1xx_hal_adc_ex.o
                                        0xc86 (size before relaxing)
 .debug_str     0x0000000000002376      0x6f3 build/stm32f1xx_hal_cortex.o
                                        0xdc3 (size before relaxing)
 .debug_str     0x0000000000002a69      0x180 build/stm32f1xx_hal_gpio.o
                                        0x84c (size before relaxing)
 .debug_str     0x0000000000002be9      0x133 build/stm32f1xx_hal_rcc_ex.o
                                        0x845 (size before relaxing)
 .debug_str     0x0000000000002d1c      0x1b3 build/stm32f1xx_hal.o
                                        0xc5f (size before relaxing)
 .debug_str     0x0000000000002ecf      0x2a4 build/stm32f1xx_hal_adc.o
                                        0xcd3 (size before relaxing)
 .debug_str     0x0000000000003173      0x6e4 build/stm32f1xx_hal_uart.o
                                        0xf94 (size before relaxing)
 .debug_str     0x0000000000003857      0x207 build/stm32f1xx_hal_dma.o
                                        0xa43 (size before relaxing)
 .debug_str     0x0000000000003a5e       0x4a build/system_stm32f1xx.o
                                        0x6b5 (size before relaxing)
 .debug_str     0x0000000000003aa8      0x375 build/setup.o
                                       0x1763 (size before relaxing)
 .debug_str     0x0000000000003e1d       0x8d build/control.o
                                        0xcea (size before relaxing)
 .debug_str     0x0000000000003eaa      0x1f5 build/main.o
                                       0x1834 (size before relaxing)
 .debug_str     0x000000000000409f      0x134 build/bldc.o
                                        0x827 (size before relaxing)
 .debug_str     0x00000000000041d3       0x4f build/comms.o
                                        0x9f0 (size before relaxing)
 .debug_str     0x0000000000004222       0xd5 build/stm32f1xx_it.o
                                        0xb7b (size before relaxing)
 .debug_str     0x00000000000042f7       0x24 build/startup_stm32f103xe.o
                                         0x69 (size before relaxing)

.comment        0x0000000000000000       0x7f
 .comment       0x0000000000000000       0x7f build/stm32f1xx_hal_rcc.o
                                         0x80 (size before relaxing)
 .comment       0x000000000000007f       0x80 build/stm32f1xx_hal_tim.o
 .comment       0x000000000000007f       0x80 build/stm32f1xx_hal_tim_ex.o
 .comment       0x000000000000007f       0x80 build/stm32f1xx_hal_adc_ex.o
 .comment       0x000000000000007f       0x80 build/stm32f1xx_hal_cortex.o
 .comment       0x000000000000007f       0x80 build/stm32f1xx_hal_gpio.o
 .comment       0x000000000000007f       0x80 build/stm32f1xx_hal_rcc_ex.o
 .comment       0x000000000000007f       0x80 build/stm32f1xx_hal.o
 .comment       0x000000000000007f       0x80 build/stm32f1xx_hal_adc.o
 .comment       0x000000000000007f       0x80 build/stm32f1xx_hal_uart.o
 .comment       0x000000000000007f       0x80 build/stm32f1xx_hal_dma.o
 .comment       0x000000000000007f       0x80 build/system_stm32f1xx.o
 .comment       0x000000000000007f       0x80 build/setup.o
 .comment       0x000000000000007f       0x80 build/control.o
 .comment       0x000000000000007f       0x80 build/main.o
 .comment       0x000000000000007f       0x80 build/bldc.o
 .comment       0x000000000000007f       0x80 build/comms.o
 .comment       0x000000000000007f       0x80 build/stm32f1xx_it.o

.debug_frame    0x0000000000000000     0x2bac
 .debug_frame   0x0000000000000000      0x184 build/stm32f1xx_hal_rcc.o
 .debug_frame   0x0000000000000184      0xb04 build/stm32f1xx_hal_tim.o
 .debug_frame   0x0000000000000c88      0x3e4 build/stm32f1xx_hal_tim_ex.o
 .debug_frame   0x000000000000106c      0x1c4 build/stm32f1xx_hal_adc_ex.o
 .debug_frame   0x0000000000001230      0x13c build/stm32f1xx_hal_cortex.o
 .debug_frame   0x000000000000136c       0xe8 build/stm32f1xx_hal_gpio.o
 .debug_frame   0x0000000000001454       0x74 build/stm32f1xx_hal_rcc_ex.o
 .debug_frame   0x00000000000014c8      0x188 build/stm32f1xx_hal.o
 .debug_frame   0x0000000000001650      0x31c build/stm32f1xx_hal_adc.o
 .debug_frame   0x000000000000196c      0x57c build/stm32f1xx_hal_uart.o
 .debug_frame   0x0000000000001ee8      0x168 build/stm32f1xx_hal_dma.o
 .debug_frame   0x0000000000002050       0x30 build/system_stm32f1xx.o
 .debug_frame   0x0000000000002080      0x154 build/setup.o
 .debug_frame   0x00000000000021d4       0x60 build/control.o
 .debug_frame   0x0000000000002234       0xa4 build/main.o
 .debug_frame   0x00000000000022d8       0x5c build/bldc.o
 .debug_frame   0x0000000000002334       0x64 build/comms.o
 .debug_frame   0x0000000000002398       0xe4 build/stm32f1xx_it.o
 .debug_frame   0x000000000000247c       0x2c /usr/bin/../lib/gcc/arm-none-eabi/7.3.1/../../../../arm-none-eabi/lib/thumb/v7-m/libc_nano.a(lib_a-init.o)
 .debug_frame   0x00000000000024a8       0x20 /usr/bin/../lib/gcc/arm-none-eabi/7.3.1/../../../../arm-none-eabi/lib/thumb/v7-m/libc_nano.a(lib_a-memset.o)
 .debug_frame   0x00000000000024c8       0x6c /usr/bin/../lib/gcc/arm-none-eabi/7.3.1/../../../../arm-none-eabi/lib/thumb/v7-m/libc_nano.a(lib_a-sprintf.o)
 .debug_frame   0x0000000000002534       0x90 /usr/bin/../lib/gcc/arm-none-eabi/7.3.1/../../../../arm-none-eabi/lib/thumb/v7-m/libc_nano.a(lib_a-nano-svfprintf.o)
 .debug_frame   0x00000000000025c4       0x60 /usr/bin/../lib/gcc/arm-none-eabi/7.3.1/../../../../arm-none-eabi/lib/thumb/v7-m/libc_nano.a(lib_a-nano-vfprintf_i.o)
 .debug_frame   0x0000000000002624       0x28 /usr/bin/../lib/gcc/arm-none-eabi/7.3.1/../../../../arm-none-eabi/lib/thumb/v7-m/libc_nano.a(lib_a-memchr-stub.o)
 .debug_frame   0x000000000000264c       0x28 /usr/bin/../lib/gcc/arm-none-eabi/7.3.1/../../../../arm-none-eabi/lib/thumb/v7-m/libc_nano.a(lib_a-memcpy-stub.o)
 .debug_frame   0x0000000000002674       0x28 /usr/bin/../lib/gcc/arm-none-eabi/7.3.1/../../../../arm-none-eabi/lib/thumb/v7-m/libc_nano.a(lib_a-memmove.o)
 .debug_frame   0x000000000000269c       0x38 /usr/bin/../lib/gcc/arm-none-eabi/7.3.1/../../../../arm-none-eabi/lib/thumb/v7-m/libc_nano.a(lib_a-nano-freer.o)
 .debug_frame   0x00000000000026d4       0x2c /usr/bin/../lib/gcc/arm-none-eabi/7.3.1/../../../../arm-none-eabi/lib/thumb/v7-m/libc_nano.a(lib_a-nano-mallocr.o)
 .debug_frame   0x0000000000002700       0x3c /usr/bin/../lib/gcc/arm-none-eabi/7.3.1/../../../../arm-none-eabi/lib/thumb/v7-m/libc_nano.a(lib_a-nano-reallocr.o)
 .debug_frame   0x000000000000273c       0x2c /usr/bin/../lib/gcc/arm-none-eabi/7.3.1/../../../../arm-none-eabi/lib/thumb/v7-m/libc_nano.a(lib_a-sbrkr.o)
 .debug_frame   0x0000000000002768       0x30 /usr/bin/../lib/gcc/arm-none-eabi/7.3.1/../../../../arm-none-eabi/lib/thumb/v7-m/libc_nano.a(lib_a-mlock.o)
 .debug_frame   0x0000000000002798       0x20 /usr/bin/../lib/gcc/arm-none-eabi/7.3.1/../../../../arm-none-eabi/lib/thumb/v7-m/libc_nano.a(lib_a-nano-msizer.o)
 .debug_frame   0x00000000000027b8       0x5c /usr/bin/../lib/gcc/arm-none-eabi/7.3.1/../../../../arm-none-eabi/lib/thumb/v7-m/libc_nano.a(lib_a-reent.o)
 .debug_frame   0x0000000000002814       0x20 /usr/bin/../lib/gcc/arm-none-eabi/7.3.1/../../../../arm-none-eabi/lib/thumb/v7-m/libnosys.a(sbrk.o)
 .debug_frame   0x0000000000002834       0xac /usr/bin/../lib/gcc/arm-none-eabi/7.3.1/thumb/v7-m/libgcc.a(_arm_addsubdf3.o)
 .debug_frame   0x00000000000028e0       0x50 /usr/bin/../lib/gcc/arm-none-eabi/7.3.1/thumb/v7-m/libgcc.a(_arm_muldivdf3.o)
 .debug_frame   0x0000000000002930       0xc4 /usr/bin/../lib/gcc/arm-none-eabi/7.3.1/thumb/v7-m/libgcc.a(_arm_cmpdf2.o)
 .debug_frame   0x00000000000029f4       0x24 /usr/bin/../lib/gcc/arm-none-eabi/7.3.1/thumb/v7-m/libgcc.a(_arm_fixdfsi.o)
 .debug_frame   0x0000000000002a18       0x24 /usr/bin/../lib/gcc/arm-none-eabi/7.3.1/thumb/v7-m/libgcc.a(_arm_truncdfsf2.o)
 .debug_frame   0x0000000000002a3c       0x4c /usr/bin/../lib/gcc/arm-none-eabi/7.3.1/thumb/v7-m/libgcc.a(_arm_addsubsf3.o)
 .debug_frame   0x0000000000002a88       0x38 /usr/bin/../lib/gcc/arm-none-eabi/7.3.1/thumb/v7-m/libgcc.a(_arm_muldivsf3.o)
 .debug_frame   0x0000000000002ac0       0xc8 /usr/bin/../lib/gcc/arm-none-eabi/7.3.1/thumb/v7-m/libgcc.a(_arm_cmpsf2.o)
 .debug_frame   0x0000000000002b88       0x24 /usr/bin/../lib/gcc/arm-none-eabi/7.3.1/thumb/v7-m/libgcc.a(_arm_fixsfsi.o)

Cross Reference Table

Symbol                                            File
ADC1_2_IRQHandler                                 build/startup_stm32f103xe.o
ADC3_IRQHandler                                   build/startup_stm32f103xe.o
ADC_ConversionStop_Disable                        build/stm32f1xx_hal_adc.o
                                                  build/stm32f1xx_hal_adc_ex.o
ADC_DMAConvCplt                                   build/stm32f1xx_hal_adc.o
                                                  build/stm32f1xx_hal_adc_ex.o
ADC_DMAError                                      build/stm32f1xx_hal_adc.o
                                                  build/stm32f1xx_hal_adc_ex.o
ADC_DMAHalfConvCplt                               build/stm32f1xx_hal_adc.o
                                                  build/stm32f1xx_hal_adc_ex.o
ADC_Enable                                        build/stm32f1xx_hal_adc.o
                                                  build/stm32f1xx_hal_adc_ex.o
AHBPrescTable                                     build/system_stm32f1xx.o
                                                  build/stm32f1xx_hal_rcc.o
APBPrescTable                                     build/system_stm32f1xx.o
                                                  build/stm32f1xx_hal_rcc.o
BusFault_Handler                                  build/stm32f1xx_it.o
CAN1_RX1_IRQHandler                               build/startup_stm32f103xe.o
CAN1_SCE_IRQHandler                               build/startup_stm32f103xe.o
DMA1_Channel1_IRQHandler                          build/bldc.o
DMA1_Channel2_IRQHandler                          build/startup_stm32f103xe.o
DMA1_Channel3_IRQHandler                          build/startup_stm32f103xe.o
DMA1_Channel4_IRQHandler                          build/startup_stm32f103xe.o
DMA1_Channel5_IRQHandler                          build/startup_stm32f103xe.o
DMA1_Channel6_IRQHandler                          build/stm32f1xx_it.o
DMA1_Channel7_IRQHandler                          build/stm32f1xx_it.o
DMA2_Channel1_IRQHandler                          build/startup_stm32f103xe.o
DMA2_Channel2_IRQHandler                          build/startup_stm32f103xe.o
DMA2_Channel3_IRQHandler                          build/startup_stm32f103xe.o
DMA2_Channel4_5_IRQHandler                        build/startup_stm32f103xe.o
DebugMon_Handler                                  build/stm32f1xx_it.o
Default_Handler                                   build/startup_stm32f103xe.o
EXTI0_IRQHandler                                  build/startup_stm32f103xe.o
EXTI15_10_IRQHandler                              build/startup_stm32f103xe.o
EXTI1_IRQHandler                                  build/startup_stm32f103xe.o
EXTI2_IRQHandler                                  build/startup_stm32f103xe.o
EXTI3_IRQHandler                                  build/startup_stm32f103xe.o
EXTI4_IRQHandler                                  build/startup_stm32f103xe.o
EXTI9_5_IRQHandler                                build/startup_stm32f103xe.o
FLASH_IRQHandler                                  build/startup_stm32f103xe.o
FLASH_PageErase                                   build/stm32f1xx_hal_flash_ex.o
                                                  build/stm32f1xx_hal_flash.o
FLASH_WaitForLastOperation                        build/stm32f1xx_hal_flash.o
                                                  build/stm32f1xx_hal_flash_ex.o
FSMC_IRQHandler                                   build/startup_stm32f103xe.o
HAL_ADCEx_Calibration_Start                       build/stm32f1xx_hal_adc_ex.o
HAL_ADCEx_InjectedConfigChannel                   build/stm32f1xx_hal_adc_ex.o
HAL_ADCEx_InjectedConvCpltCallback                build/stm32f1xx_hal_adc_ex.o
                                                  build/stm32f1xx_hal_adc.o
HAL_ADCEx_InjectedGetValue                        build/stm32f1xx_hal_adc_ex.o
HAL_ADCEx_InjectedPollForConversion               build/stm32f1xx_hal_adc_ex.o
HAL_ADCEx_InjectedStart                           build/stm32f1xx_hal_adc_ex.o
HAL_ADCEx_InjectedStart_IT                        build/stm32f1xx_hal_adc_ex.o
HAL_ADCEx_InjectedStop                            build/stm32f1xx_hal_adc_ex.o
HAL_ADCEx_InjectedStop_IT                         build/stm32f1xx_hal_adc_ex.o
HAL_ADCEx_MultiModeConfigChannel                  build/stm32f1xx_hal_adc_ex.o
                                                  build/setup.o
HAL_ADCEx_MultiModeGetValue                       build/stm32f1xx_hal_adc_ex.o
HAL_ADCEx_MultiModeStart_DMA                      build/stm32f1xx_hal_adc_ex.o
HAL_ADCEx_MultiModeStop_DMA                       build/stm32f1xx_hal_adc_ex.o
HAL_ADC_AnalogWDGConfig                           build/stm32f1xx_hal_adc.o
HAL_ADC_ConfigChannel                             build/stm32f1xx_hal_adc.o
                                                  build/setup.o
HAL_ADC_ConvCpltCallback                          build/stm32f1xx_hal_adc.o
HAL_ADC_ConvHalfCpltCallback                      build/stm32f1xx_hal_adc.o
HAL_ADC_DeInit                                    build/stm32f1xx_hal_adc.o
HAL_ADC_ErrorCallback                             build/stm32f1xx_hal_adc.o
HAL_ADC_GetError                                  build/stm32f1xx_hal_adc.o
HAL_ADC_GetState                                  build/stm32f1xx_hal_adc.o
HAL_ADC_GetValue                                  build/stm32f1xx_hal_adc.o
HAL_ADC_IRQHandler                                build/stm32f1xx_hal_adc.o
HAL_ADC_Init                                      build/stm32f1xx_hal_adc.o
                                                  build/setup.o
HAL_ADC_LevelOutOfWindowCallback                  build/stm32f1xx_hal_adc.o
HAL_ADC_MspDeInit                                 build/stm32f1xx_hal_adc.o
HAL_ADC_MspInit                                   build/stm32f1xx_hal_adc.o
HAL_ADC_PollForConversion                         build/stm32f1xx_hal_adc.o
HAL_ADC_PollForEvent                              build/stm32f1xx_hal_adc.o
HAL_ADC_Start                                     build/stm32f1xx_hal_adc.o
                                                  build/main.o
HAL_ADC_Start_DMA                                 build/stm32f1xx_hal_adc.o
HAL_ADC_Start_IT                                  build/stm32f1xx_hal_adc.o
HAL_ADC_Stop                                      build/stm32f1xx_hal_adc.o
HAL_ADC_Stop_DMA                                  build/stm32f1xx_hal_adc.o
HAL_ADC_Stop_IT                                   build/stm32f1xx_hal_adc.o
HAL_DBGMCU_DisableDBGSleepMode                    build/stm32f1xx_hal.o
HAL_DBGMCU_DisableDBGStandbyMode                  build/stm32f1xx_hal.o
HAL_DBGMCU_DisableDBGStopMode                     build/stm32f1xx_hal.o
HAL_DBGMCU_EnableDBGSleepMode                     build/stm32f1xx_hal.o
HAL_DBGMCU_EnableDBGStandbyMode                   build/stm32f1xx_hal.o
HAL_DBGMCU_EnableDBGStopMode                      build/stm32f1xx_hal.o
HAL_DMA_Abort                                     build/stm32f1xx_hal_dma.o
                                                  build/stm32f1xx_hal_uart.o
                                                  build/stm32f1xx_hal_adc.o
                                                  build/stm32f1xx_hal_adc_ex.o
                                                  build/stm32f1xx_hal_tim.o
HAL_DMA_Abort_IT                                  build/stm32f1xx_hal_dma.o
                                                  build/stm32f1xx_hal_i2c.o
                                                  build/stm32f1xx_hal_uart.o
HAL_DMA_DeInit                                    build/stm32f1xx_hal_dma.o
HAL_DMA_GetError                                  build/stm32f1xx_hal_dma.o
HAL_DMA_GetState                                  build/stm32f1xx_hal_dma.o
HAL_DMA_IRQHandler                                build/stm32f1xx_hal_dma.o
                                                  build/stm32f1xx_it.o
HAL_DMA_Init                                      build/stm32f1xx_hal_dma.o
                                                  build/setup.o
HAL_DMA_PollForTransfer                           build/stm32f1xx_hal_dma.o
HAL_DMA_RegisterCallback                          build/stm32f1xx_hal_dma.o
HAL_DMA_Start                                     build/stm32f1xx_hal_dma.o
HAL_DMA_Start_IT                                  build/stm32f1xx_hal_dma.o
                                                  build/stm32f1xx_hal_i2c.o
                                                  build/stm32f1xx_hal_uart.o
                                                  build/stm32f1xx_hal_adc.o
                                                  build/stm32f1xx_hal_adc_ex.o
                                                  build/stm32f1xx_hal_tim_ex.o
                                                  build/stm32f1xx_hal_tim.o
HAL_DMA_UnRegisterCallback                        build/stm32f1xx_hal_dma.o
HAL_DeInit                                        build/stm32f1xx_hal.o
HAL_Delay                                         build/stm32f1xx_hal.o
                                                  build/main.o
                                                  build/control.o
HAL_FLASHEx_Erase                                 build/stm32f1xx_hal_flash_ex.o
HAL_FLASHEx_Erase_IT                              build/stm32f1xx_hal_flash_ex.o
HAL_FLASHEx_OBErase                               build/stm32f1xx_hal_flash_ex.o
HAL_FLASHEx_OBGetConfig                           build/stm32f1xx_hal_flash_ex.o
HAL_FLASHEx_OBGetUserData                         build/stm32f1xx_hal_flash_ex.o
HAL_FLASHEx_OBProgram                             build/stm32f1xx_hal_flash_ex.o
HAL_FLASH_EndOfOperationCallback                  build/stm32f1xx_hal_flash.o
HAL_FLASH_GetError                                build/stm32f1xx_hal_flash.o
HAL_FLASH_IRQHandler                              build/stm32f1xx_hal_flash.o
HAL_FLASH_Lock                                    build/stm32f1xx_hal_flash.o
HAL_FLASH_OB_Launch                               build/stm32f1xx_hal_flash.o
HAL_FLASH_OB_Lock                                 build/stm32f1xx_hal_flash.o
HAL_FLASH_OB_Unlock                               build/stm32f1xx_hal_flash.o
HAL_FLASH_OperationErrorCallback                  build/stm32f1xx_hal_flash.o
HAL_FLASH_Program                                 build/stm32f1xx_hal_flash.o
HAL_FLASH_Program_IT                              build/stm32f1xx_hal_flash.o
HAL_FLASH_Unlock                                  build/stm32f1xx_hal_flash.o
HAL_GPIOEx_ConfigEventout                         build/stm32f1xx_hal_gpio_ex.o
HAL_GPIOEx_DisableEventout                        build/stm32f1xx_hal_gpio_ex.o
HAL_GPIOEx_EnableEventout                         build/stm32f1xx_hal_gpio_ex.o
HAL_GPIO_DeInit                                   build/stm32f1xx_hal_gpio.o
HAL_GPIO_EXTI_Callback                            build/stm32f1xx_hal_gpio.o
HAL_GPIO_EXTI_IRQHandler                          build/stm32f1xx_hal_gpio.o
HAL_GPIO_Init                                     build/stm32f1xx_hal_gpio.o
                                                  build/setup.o
                                                  build/stm32f1xx_hal_rcc.o
HAL_GPIO_LockPin                                  build/stm32f1xx_hal_gpio.o
HAL_GPIO_ReadPin                                  build/stm32f1xx_hal_gpio.o
                                                  build/main.o
HAL_GPIO_TogglePin                                build/stm32f1xx_hal_gpio.o
                                                  build/bldc.o
HAL_GPIO_WritePin                                 build/stm32f1xx_hal_gpio.o
                                                  build/bldc.o
                                                  build/main.o
HAL_GetDEVID                                      build/stm32f1xx_hal.o
HAL_GetHalVersion                                 build/stm32f1xx_hal.o
HAL_GetREVID                                      build/stm32f1xx_hal.o
HAL_GetTick                                       build/stm32f1xx_hal.o
                                                  build/stm32f1xx_hal_dma.o
                                                  build/stm32f1xx_hal_i2c.o
                                                  build/stm32f1xx_hal_uart.o
                                                  build/stm32f1xx_hal_adc.o
                                                  build/stm32f1xx_hal_rcc_ex.o
                                                  build/stm32f1xx_hal_adc_ex.o
                                                  build/stm32f1xx_hal_rcc.o
                                                  build/stm32f1xx_hal_flash.o
HAL_GetUID                                        build/stm32f1xx_hal.o
HAL_HalfDuplex_EnableReceiver                     build/stm32f1xx_hal_uart.o
HAL_HalfDuplex_EnableTransmitter                  build/stm32f1xx_hal_uart.o
HAL_HalfDuplex_Init                               build/stm32f1xx_hal_uart.o
HAL_I2C_AbortCpltCallback                         build/stm32f1xx_hal_i2c.o
HAL_I2C_AddrCallback                              build/stm32f1xx_hal_i2c.o
HAL_I2C_DeInit                                    build/stm32f1xx_hal_i2c.o
HAL_I2C_DisableListen_IT                          build/stm32f1xx_hal_i2c.o
HAL_I2C_ER_IRQHandler                             build/stm32f1xx_hal_i2c.o
HAL_I2C_EV_IRQHandler                             build/stm32f1xx_hal_i2c.o
HAL_I2C_EnableListen_IT                           build/stm32f1xx_hal_i2c.o
HAL_I2C_ErrorCallback                             build/stm32f1xx_hal_i2c.o
HAL_I2C_GetError                                  build/stm32f1xx_hal_i2c.o
HAL_I2C_GetMode                                   build/stm32f1xx_hal_i2c.o
HAL_I2C_GetState                                  build/stm32f1xx_hal_i2c.o
HAL_I2C_Init                                      build/stm32f1xx_hal_i2c.o
                                                  build/setup.o
HAL_I2C_IsDeviceReady                             build/stm32f1xx_hal_i2c.o
HAL_I2C_ListenCpltCallback                        build/stm32f1xx_hal_i2c.o
HAL_I2C_MasterRxCpltCallback                      build/stm32f1xx_hal_i2c.o
HAL_I2C_MasterTxCpltCallback                      build/stm32f1xx_hal_i2c.o
HAL_I2C_Master_Abort_IT                           build/stm32f1xx_hal_i2c.o
HAL_I2C_Master_Receive                            build/stm32f1xx_hal_i2c.o
                                                  build/control.o
HAL_I2C_Master_Receive_DMA                        build/stm32f1xx_hal_i2c.o
HAL_I2C_Master_Receive_IT                         build/stm32f1xx_hal_i2c.o
HAL_I2C_Master_Sequential_Receive_IT              build/stm32f1xx_hal_i2c.o
HAL_I2C_Master_Sequential_Transmit_IT             build/stm32f1xx_hal_i2c.o
HAL_I2C_Master_Transmit                           build/stm32f1xx_hal_i2c.o
                                                  build/control.o
HAL_I2C_Master_Transmit_DMA                       build/stm32f1xx_hal_i2c.o
HAL_I2C_Master_Transmit_IT                        build/stm32f1xx_hal_i2c.o
HAL_I2C_MemRxCpltCallback                         build/stm32f1xx_hal_i2c.o
HAL_I2C_MemTxCpltCallback                         build/stm32f1xx_hal_i2c.o
HAL_I2C_Mem_Read                                  build/stm32f1xx_hal_i2c.o
HAL_I2C_Mem_Read_DMA                              build/stm32f1xx_hal_i2c.o
HAL_I2C_Mem_Read_IT                               build/stm32f1xx_hal_i2c.o
HAL_I2C_Mem_Write                                 build/stm32f1xx_hal_i2c.o
HAL_I2C_Mem_Write_DMA                             build/stm32f1xx_hal_i2c.o
HAL_I2C_Mem_Write_IT                              build/stm32f1xx_hal_i2c.o
HAL_I2C_MspDeInit                                 build/stm32f1xx_hal_i2c.o
HAL_I2C_MspInit                                   build/stm32f1xx_hal_i2c.o
HAL_I2C_SlaveRxCpltCallback                       build/stm32f1xx_hal_i2c.o
HAL_I2C_SlaveTxCpltCallback                       build/stm32f1xx_hal_i2c.o
HAL_I2C_Slave_Receive                             build/stm32f1xx_hal_i2c.o
HAL_I2C_Slave_Receive_DMA                         build/stm32f1xx_hal_i2c.o
HAL_I2C_Slave_Receive_IT                          build/stm32f1xx_hal_i2c.o
HAL_I2C_Slave_Sequential_Receive_IT               build/stm32f1xx_hal_i2c.o
HAL_I2C_Slave_Sequential_Transmit_IT              build/stm32f1xx_hal_i2c.o
HAL_I2C_Slave_Transmit                            build/stm32f1xx_hal_i2c.o
HAL_I2C_Slave_Transmit_DMA                        build/stm32f1xx_hal_i2c.o
HAL_I2C_Slave_Transmit_IT                         build/stm32f1xx_hal_i2c.o
HAL_IncTick                                       build/stm32f1xx_hal.o
                                                  build/stm32f1xx_it.o
HAL_Init                                          build/stm32f1xx_hal.o
                                                  build/main.o
HAL_InitTick                                      build/stm32f1xx_hal.o
                                                  build/stm32f1xx_hal_rcc.o
HAL_LIN_Init                                      build/stm32f1xx_hal_uart.o
HAL_LIN_SendBreak                                 build/stm32f1xx_hal_uart.o
HAL_MspDeInit                                     build/stm32f1xx_hal.o
HAL_MspInit                                       build/stm32f1xx_hal.o
HAL_MultiProcessor_EnterMuteMode                  build/stm32f1xx_hal_uart.o
HAL_MultiProcessor_ExitMuteMode                   build/stm32f1xx_hal_uart.o
HAL_MultiProcessor_Init                           build/stm32f1xx_hal_uart.o
HAL_NVIC_ClearPendingIRQ                          build/stm32f1xx_hal_cortex.o
HAL_NVIC_DisableIRQ                               build/stm32f1xx_hal_cortex.o
HAL_NVIC_EnableIRQ                                build/stm32f1xx_hal_cortex.o
                                                  build/setup.o
HAL_NVIC_GetActive                                build/stm32f1xx_hal_cortex.o
HAL_NVIC_GetPendingIRQ                            build/stm32f1xx_hal_cortex.o
HAL_NVIC_GetPriority                              build/stm32f1xx_hal_cortex.o
HAL_NVIC_GetPriorityGrouping                      build/stm32f1xx_hal_cortex.o
HAL_NVIC_SetPendingIRQ                            build/stm32f1xx_hal_cortex.o
HAL_NVIC_SetPriority                              build/stm32f1xx_hal_cortex.o
                                                  build/main.o
                                                  build/setup.o
                                                  build/stm32f1xx_hal.o
HAL_NVIC_SetPriorityGrouping                      build/stm32f1xx_hal_cortex.o
                                                  build/main.o
                                                  build/stm32f1xx_hal.o
HAL_NVIC_SystemReset                              build/stm32f1xx_hal_cortex.o
                                                  build/stm32f1xx_hal_flash.o
HAL_PWR_ConfigPVD                                 build/stm32f1xx_hal_pwr.o
HAL_PWR_DeInit                                    build/stm32f1xx_hal_pwr.o
HAL_PWR_DisableBkUpAccess                         build/stm32f1xx_hal_pwr.o
HAL_PWR_DisablePVD                                build/stm32f1xx_hal_pwr.o
HAL_PWR_DisableSEVOnPend                          build/stm32f1xx_hal_pwr.o
HAL_PWR_DisableSleepOnExit                        build/stm32f1xx_hal_pwr.o
HAL_PWR_DisableWakeUpPin                          build/stm32f1xx_hal_pwr.o
HAL_PWR_EnableBkUpAccess                          build/stm32f1xx_hal_pwr.o
HAL_PWR_EnablePVD                                 build/stm32f1xx_hal_pwr.o
HAL_PWR_EnableSEVOnPend                           build/stm32f1xx_hal_pwr.o
HAL_PWR_EnableSleepOnExit                         build/stm32f1xx_hal_pwr.o
HAL_PWR_EnableWakeUpPin                           build/stm32f1xx_hal_pwr.o
HAL_PWR_EnterSLEEPMode                            build/stm32f1xx_hal_pwr.o
HAL_PWR_EnterSTANDBYMode                          build/stm32f1xx_hal_pwr.o
HAL_PWR_EnterSTOPMode                             build/stm32f1xx_hal_pwr.o
HAL_PWR_PVDCallback                               build/stm32f1xx_hal_pwr.o
HAL_PWR_PVD_IRQHandler                            build/stm32f1xx_hal_pwr.o
HAL_RCCEx_GetPeriphCLKConfig                      build/stm32f1xx_hal_rcc_ex.o
HAL_RCCEx_GetPeriphCLKFreq                        build/stm32f1xx_hal_rcc_ex.o
                                                  build/stm32f1xx_hal_adc.o
                                                  build/stm32f1xx_hal_adc_ex.o
HAL_RCCEx_PeriphCLKConfig                         build/stm32f1xx_hal_rcc_ex.o
                                                  build/main.o
HAL_RCC_CSSCallback                               build/stm32f1xx_hal_rcc.o
HAL_RCC_ClockConfig                               build/stm32f1xx_hal_rcc.o
                                                  build/main.o
HAL_RCC_DeInit                                    build/stm32f1xx_hal_rcc.o
HAL_RCC_DisableCSS                                build/stm32f1xx_hal_rcc.o
HAL_RCC_EnableCSS                                 build/stm32f1xx_hal_rcc.o
HAL_RCC_GetClockConfig                            build/stm32f1xx_hal_rcc.o
HAL_RCC_GetHCLKFreq                               build/stm32f1xx_hal_rcc.o
                                                  build/main.o
HAL_RCC_GetOscConfig                              build/stm32f1xx_hal_rcc.o
HAL_RCC_GetPCLK1Freq                              build/stm32f1xx_hal_rcc.o
                                                  build/stm32f1xx_hal_i2c.o
                                                  build/stm32f1xx_hal_uart.o
HAL_RCC_GetPCLK2Freq                              build/stm32f1xx_hal_rcc.o
                                                  build/stm32f1xx_hal_uart.o
                                                  build/stm32f1xx_hal_rcc_ex.o
HAL_RCC_GetSysClockFreq                           build/stm32f1xx_hal_rcc.o
                                                  build/stm32f1xx_hal_rcc_ex.o
HAL_RCC_MCOConfig                                 build/stm32f1xx_hal_rcc.o
HAL_RCC_NMI_IRQHandler                            build/stm32f1xx_hal_rcc.o
HAL_RCC_OscConfig                                 build/stm32f1xx_hal_rcc.o
                                                  build/main.o
HAL_ResumeTick                                    build/stm32f1xx_hal.o
HAL_SYSTICK_CLKSourceConfig                       build/stm32f1xx_hal_cortex.o
                                                  build/main.o
HAL_SYSTICK_Callback                              build/stm32f1xx_hal_cortex.o
HAL_SYSTICK_Config                                build/stm32f1xx_hal_cortex.o
                                                  build/main.o
                                                  build/stm32f1xx_hal.o
HAL_SYSTICK_IRQHandler                            build/stm32f1xx_hal_cortex.o
                                                  build/stm32f1xx_it.o
HAL_SuspendTick                                   build/stm32f1xx_hal.o
HAL_TIMEx_BreakCallback                           build/stm32f1xx_hal_tim_ex.o
                                                  build/stm32f1xx_hal_tim.o
HAL_TIMEx_CommutationCallback                     build/stm32f1xx_hal_tim_ex.o
                                                  build/stm32f1xx_hal_tim.o
HAL_TIMEx_ConfigBreakDeadTime                     build/stm32f1xx_hal_tim_ex.o
                                                  build/setup.o
HAL_TIMEx_ConfigCommutationEvent                  build/stm32f1xx_hal_tim_ex.o
HAL_TIMEx_ConfigCommutationEvent_DMA              build/stm32f1xx_hal_tim_ex.o
HAL_TIMEx_ConfigCommutationEvent_IT               build/stm32f1xx_hal_tim_ex.o
HAL_TIMEx_HallSensor_DeInit                       build/stm32f1xx_hal_tim_ex.o
HAL_TIMEx_HallSensor_GetState                     build/stm32f1xx_hal_tim_ex.o
HAL_TIMEx_HallSensor_Init                         build/stm32f1xx_hal_tim_ex.o
HAL_TIMEx_HallSensor_MspDeInit                    build/stm32f1xx_hal_tim_ex.o
HAL_TIMEx_HallSensor_MspInit                      build/stm32f1xx_hal_tim_ex.o
HAL_TIMEx_HallSensor_Start                        build/stm32f1xx_hal_tim_ex.o
HAL_TIMEx_HallSensor_Start_DMA                    build/stm32f1xx_hal_tim_ex.o
HAL_TIMEx_HallSensor_Start_IT                     build/stm32f1xx_hal_tim_ex.o
HAL_TIMEx_HallSensor_Stop                         build/stm32f1xx_hal_tim_ex.o
HAL_TIMEx_HallSensor_Stop_DMA                     build/stm32f1xx_hal_tim_ex.o
HAL_TIMEx_HallSensor_Stop_IT                      build/stm32f1xx_hal_tim_ex.o
HAL_TIMEx_MasterConfigSynchronization             build/stm32f1xx_hal_tim_ex.o
                                                  build/setup.o
HAL_TIMEx_OCN_Start                               build/stm32f1xx_hal_tim_ex.o
HAL_TIMEx_OCN_Start_DMA                           build/stm32f1xx_hal_tim_ex.o
HAL_TIMEx_OCN_Start_IT                            build/stm32f1xx_hal_tim_ex.o
HAL_TIMEx_OCN_Stop                                build/stm32f1xx_hal_tim_ex.o
HAL_TIMEx_OCN_Stop_DMA                            build/stm32f1xx_hal_tim_ex.o
HAL_TIMEx_OCN_Stop_IT                             build/stm32f1xx_hal_tim_ex.o
HAL_TIMEx_OnePulseN_Start                         build/stm32f1xx_hal_tim_ex.o
HAL_TIMEx_OnePulseN_Start_IT                      build/stm32f1xx_hal_tim_ex.o
HAL_TIMEx_OnePulseN_Stop                          build/stm32f1xx_hal_tim_ex.o
HAL_TIMEx_OnePulseN_Stop_IT                       build/stm32f1xx_hal_tim_ex.o
HAL_TIMEx_PWMN_Start                              build/stm32f1xx_hal_tim_ex.o
                                                  build/setup.o
HAL_TIMEx_PWMN_Start_DMA                          build/stm32f1xx_hal_tim_ex.o
HAL_TIMEx_PWMN_Start_IT                           build/stm32f1xx_hal_tim_ex.o
HAL_TIMEx_PWMN_Stop                               build/stm32f1xx_hal_tim_ex.o
HAL_TIMEx_PWMN_Stop_DMA                           build/stm32f1xx_hal_tim_ex.o
HAL_TIMEx_PWMN_Stop_IT                            build/stm32f1xx_hal_tim_ex.o
HAL_TIM_Base_DeInit                               build/stm32f1xx_hal_tim.o
HAL_TIM_Base_GetState                             build/stm32f1xx_hal_tim.o
HAL_TIM_Base_Init                                 build/stm32f1xx_hal_tim.o
HAL_TIM_Base_MspDeInit                            build/stm32f1xx_hal_tim.o
HAL_TIM_Base_MspInit                              build/stm32f1xx_hal_tim.o
HAL_TIM_Base_Start                                build/stm32f1xx_hal_tim.o
HAL_TIM_Base_Start_DMA                            build/stm32f1xx_hal_tim.o
HAL_TIM_Base_Start_IT                             build/stm32f1xx_hal_tim.o
HAL_TIM_Base_Stop                                 build/stm32f1xx_hal_tim.o
HAL_TIM_Base_Stop_DMA                             build/stm32f1xx_hal_tim.o
HAL_TIM_Base_Stop_IT                              build/stm32f1xx_hal_tim.o
HAL_TIM_ConfigClockSource                         build/stm32f1xx_hal_tim.o
HAL_TIM_ConfigOCrefClear                          build/stm32f1xx_hal_tim.o
HAL_TIM_ConfigTI1Input                            build/stm32f1xx_hal_tim.o
HAL_TIM_DMABurst_ReadStart                        build/stm32f1xx_hal_tim.o